{"logTime": "1104/124140", "correlationVector":"32O8bjDZ9e8VgLaAVzRzT8.2","action":"ProcessGetUpdates", "result":"Done", "context":{"dataType":"Encryption Keys", "deleted":"0", "process_failed_to_decrypt":"0", "process_pending_decryption":"0", "process_success":"1", "total":"1"}}
{"logTime": "1104/124141", "correlationVector":"Po2tlCVnFO/AWD2bKeNVWr","action":"SyncServerConnectionManagerRequest", "result":"SYNC_SERVER_OK", "context":{"environment":"", "migrationStage":"", "server":""}}
{"logTime": "1104/124141", "correlationVector":"Po2tlCVnFO/AWD2bKeNVWr.0","action":"EncryptionKeysFetcher.DownloadKeys:", "result":"Success", "context":Key count: 6, Last key timestamp: 2025-08-28T14:27:03Z}
{"logTime": "1104/124141", "correlationVector":"Po2tlCVnFO/AWD2bKeNVWr.1","action":"EncryptionKeysManager::SetEncryptionKeys:", "result":"Success", "context":Key names[6]:[ZqUyZsRUYOCuJrPCnuH7XqExVEY/tRMstQAAfrNcRm/cZChE3m7PMG7nXCtRRgg92FdVNvsWBy2S3aIWy1m6Pg==][y08mJStNdo/WjeKeNJdR1nzLOetyD01FpKsDOEdmJNwoh2xfZrTz7Q6QyNhOmV5+BhnskL+h0V+lMkl3Sd3zDw==][Loml7tkauVG3pXA7KjLUfHbKChEASbvRUYGwpMvSNTSraNYg4W2EcCnEhgU/KxIZVK3L/QzaTu7BUZncSKZTnw==][gm4TgNVqbRnp7y23rRVJAy0uNHnw+B4gnHS86SW/TXYxyIQcte/5gF3F1XHbp5Vj5TWj+aFUjP6dXJ5uI+7SEQ==][5+QmWy8gofbrrdFxHgbGQgWzpR45PWwlFHkN/IhbHuRr9b95QLCx1rrpCvDi7Cya42urWTtNvSgLTxE4UhYVWw==][7CImSsewaTUHUyULRE9QerZDc55GKTWi+2A8LfOtTKlF/huBtUF+BWORNeG6DKsQvE2yhaQt7zf4W06oJK0bZg==]}
{"logTime": "1104/124141", "correlationVector":"Po2tlCVnFO/AWD2bKeNVWr.2","action":"EncryptionKeysManager::SetEncryptionKeysWithTimestamps:", "result":"Success", "context":Key timestamps[6]:[2023-08-10T14:18:08Z][2023-09-05T13:38:49Z][2024-03-03T15:43:32Z][2024-08-31T12:46:01Z][2025-02-28T06:56:24Z][2025-08-28T14:27:03Z]}
{"logTime": "1104/124141", "correlationVector":"32O8bjDZ9e8VgLaAVzRzT8","action":"Initial GetUpdates", "result":"", "context":Reason: NEW_CLIENT. cV=32O8bjDZ9e8VgLaAVzRzT8}
{"logTime": "1104/124141", "correlationVector":"32O8bjDZ9e8VgLaAVzRzT8.3","action":"GetUpdates Response", "result":"Success", "context":Received 1 update(s). cV=32O8bjDZ9e8VgLaAVzRzT8.0;server=akswtt10600000x;cloudType=Consumer;environment=Prod_southeastasia_prod-s01-064-apac-southeastasia;migrationStage=NotStarted}
{"logTime": "1104/124141", "correlationVector":"wcebQeTFn8qTuHDWW/OXhz","action":"Initial GetUpdates", "result":"", "context":Reason: NEWLY_SUPPORTED_DATATYPE. cV=wcebQeTFn8qTuHDWW/OXhz}
{"logTime": "1104/124141", "correlationVector":"wcebQeTFn8qTuHDWW/OXhz.1","action":"SyncServerConnectionManagerRequest", "result":"SYNC_SERVER_OK", "context":{"environment":"Prod_southeastasia_prod-s01-064-apac-southeastasia", "migrationStage":"NotStarted", "server":"akswtt10600001h"}}
{"logTime": "1104/124141", "correlationVector":"wcebQeTFn8qTuHDWW/OXhz.2","action":"ProcessGetUpdates", "result":"Done", "context":{"dataType":"Passwords", "deleted":"0", "process_failed_to_decrypt":"0", "process_pending_decryption":"0", "process_success":"56", "total":"56"}}
{"logTime": "1104/124141", "correlationVector":"wcebQeTFn8qTuHDWW/OXhz.3","action":"GetUpdates Response", "result":"Success", "context":Received 56 update(s). cV=wcebQeTFn8qTuHDWW/OXhz.0;server=akswtt10600001h;cloudType=Consumer;environment=Prod_southeastasia_prod-s01-064-apac-southeastasia;migrationStage=NotStarted}
{"logTime": "1104/124141", "correlationVector":"cJKziZSrGZbae4RvRZ2eNH","action":"Normal GetUpdate request", "result":"", "context":cV=cJKziZSrGZbae4RvRZ2eNH
Nudged types: Sessions, Device Info, History
Refresh requested types: Bookmarks, Preferences, Passwords, Autofill Profiles, Autofill, Extensions, Sessions, Extension settings, History Delete Directives, Device Info, User Consents, Send Tab To Self, Web Apps, History, Saved Tab Group, WebAuthn Credentials, Collection, Edge E Drop, Edge Hub App Usage, Edge Wallet, Encryption Keys}
{"logTime": "1104/124141", "correlationVector":"cJKziZSrGZbae4RvRZ2eNH.1","action":"SyncServerConnectionManagerRequest", "result":"SYNC_SERVER_OK", "context":{"environment":"Prod_southeastasia_prod-s01-064-apac-southeastasia", "migrationStage":"NotStarted", "server":"akswtt10600000f"}}
{"logTime": "1104/124141", "correlationVector":"cJKziZSrGZbae4RvRZ2eNH.2","action":"ProcessGetUpdates", "result":"Done", "context":{"dataType":"Preferences", "deleted":"0", "process_failed_to_decrypt":"0", "process_pending_decryption":"0", "process_success":"1", "total":"1"}}
{"logTime": "1104/124141", "correlationVector":"cJKziZSrGZbae4RvRZ2eNH.3","action":"ProcessGetUpdates", "result":"Done", "context":{"dataType":"Sessions", "deleted":"1", "process_failed_to_decrypt":"0", "process_pending_decryption":"0", "process_success":"3", "total":"3"}}
{"logTime": "1104/124141", "correlationVector":"cJKziZSrGZbae4RvRZ2eNH.4","action":"ProcessGetUpdates", "result":"Done", "context":{"dataType":"Device Info", "deleted":"0", "process_failed_to_decrypt":"0", "process_pending_decryption":"0", "process_success":"1", "total":"1"}}
{"logTime": "1104/124141", "correlationVector":"cJKziZSrGZbae4RvRZ2eNH.5","action":"ProcessGetUpdates", "result":"Done", "context":{"dataType":"History", "deleted":"0", "process_failed_to_decrypt":"0", "process_pending_decryption":"0", "process_success":"2", "total":"2"}}
{"logTime": "1104/124141", "correlationVector":"cJKziZSrGZbae4RvRZ2eNH.6","action":"GetUpdates Response", "result":"Success", "context":Received 7 update(s). cV=cJKziZSrGZbae4RvRZ2eNH.0;server=akswtt10600000f;cloudType=Consumer;environment=Prod_southeastasia_prod-s01-064-apac-southeastasia;migrationStage=NotStarted}
{"logTime": "1104/124141", "correlationVector":"QIL+PM4QAjGtLBc/xkWNq6","action":"Commit Request", "result":"", "context":Item count: 5
Contributing types: Sessions, Device Info, History}
{"logTime": "1104/124142", "correlationVector":"QIL+PM4QAjGtLBc/xkWNq6.1","action":"SyncServerConnectionManagerRequest", "result":"SYNC_SERVER_OK", "context":{"environment":"Prod_southeastasia_prod-s01-064-apac-southeastasia", "migrationStage":"NotStarted", "server":"akswtt106000004"}}
{"logTime": "1104/124142", "correlationVector":"QIL+PM4QAjGtLBc/xkWNq6.2","action":"Commit Response", "result":"Success", "context":Result: Success. cV=QIL+PM4QAjGtLBc/xkWNq6.0;server=akswtt106000004;cloudType=Consumer;environment=Prod_southeastasia_prod-s01-064-apac-southeastasia;migrationStage=NotStarted}
{"logTime": "1104/124142", "correlationVector":"QIL+PM4QAjGtLBc/xkWNq6.3","action":"Commit.Sessions", "result":"Success", "context":{"id":"9b8aec8b-da2d-486f-9b6c-68dde8940400", "isDeleted":"true", "size":"0", "version":"1762259914697"}}
{"logTime": "1104/124145", "correlationVector":"ZRIXPYpGFRVo+6nUcsBUYR","action":"Commit Request", "result":"", "context":Item count: 40
Contributing types: Passwords}
{"logTime": "1104/124149", "correlationVector":"ZRIXPYpGFRVo+6nUcsBUYR.1","action":"SyncServerConnectionManagerRequest", "result":"SYNC_SERVER_OK", "context":{"environment":"Prod_southeastasia_prod-s01-064-apac-southeastasia", "migrationStage":"NotStarted", "server":"akswtt106000007"}}
{"logTime": "1104/124149", "correlationVector":"ZRIXPYpGFRVo+6nUcsBUYR.2","action":"Commit Response", "result":"Success", "context":Result: Success. cV=ZRIXPYpGFRVo+6nUcsBUYR.0;server=akswtt106000007;cloudType=Consumer;environment=Prod_southeastasia_prod-s01-064-apac-southeastasia;migrationStage=NotStarted}
{"logTime": "1104/124149", "correlationVector":"IHnQHC4dJPQc0GDj314J/q","action":"Commit Request", "result":"", "context":Item count: 12
Contributing types: Preferences, Passwords, Sessions, History}
{"logTime": "1104/124150", "correlationVector":"IHnQHC4dJPQc0GDj314J/q.1","action":"SyncServerConnectionManagerRequest", "result":"SYNC_SERVER_OK", "context":{"environment":"Prod_southeastasia_prod-s01-064-apac-southeastasia", "migrationStage":"NotStarted", "server":"akswtt10600000j"}}
{"logTime": "1104/124150", "correlationVector":"IHnQHC4dJPQc0GDj314J/q.2","action":"Commit Response", "result":"Success", "context":Result: Success. cV=IHnQHC4dJPQc0GDj314J/q.0;server=akswtt10600000j;cloudType=Consumer;environment=Prod_southeastasia_prod-s01-064-apac-southeastasia;migrationStage=NotStarted}
{"logTime": "1104/124151", "correlationVector":"9bVbfewvun8PyqocXjnIob","action":"Normal GetUpdate request", "result":"", "context":cV=9bVbfewvun8PyqocXjnIob
Notified types: History}
{"logTime": "1104/124151", "correlationVector":"9bVbfewvun8PyqocXjnIob.1","action":"SyncServerConnectionManagerRequest", "result":"SYNC_SERVER_OK", "context":{"environment":"Prod_southeastasia_prod-s01-064-apac-southeastasia", "migrationStage":"NotStarted", "server":"akswtt106000004"}}
{"logTime": "1104/124151", "correlationVector":"9bVbfewvun8PyqocXjnIob.2","action":"ProcessGetUpdates", "result":"Done", "context":{"dataType":"Preferences", "deleted":"0", "process_failed_to_decrypt":"0", "process_pending_decryption":"0", "process_success":"1", "total":"1"}}
{"logTime": "1104/124151", "correlationVector":"9bVbfewvun8PyqocXjnIob.3","action":"ProcessGetUpdates", "result":"Done", "context":{"dataType":"Passwords", "deleted":"0", "process_failed_to_decrypt":"0", "process_pending_decryption":"0", "process_success":"49", "total":"49"}}
{"logTime": "1104/124151", "correlationVector":"9bVbfewvun8PyqocXjnIob.4","action":"ProcessGetUpdates", "result":"Done", "context":{"dataType":"Sessions", "deleted":"1", "process_failed_to_decrypt":"0", "process_pending_decryption":"0", "process_success":"4", "total":"4"}}
{"logTime": "1104/124151", "correlationVector":"9bVbfewvun8PyqocXjnIob.5","action":"ProcessGetUpdates", "result":"Done", "context":{"dataType":"Device Info", "deleted":"0", "process_failed_to_decrypt":"0", "process_pending_decryption":"0", "process_success":"1", "total":"1"}}
{"logTime": "1104/124151", "correlationVector":"9bVbfewvun8PyqocXjnIob.6","action":"ProcessGetUpdates", "result":"Done", "context":{"dataType":"History", "deleted":"0", "process_failed_to_decrypt":"0", "process_pending_decryption":"0", "process_success":"4", "total":"4"}}
{"logTime": "1104/124151", "correlationVector":"9bVbfewvun8PyqocXjnIob.7","action":"GetUpdates Response", "result":"Success", "context":Received 59 update(s). cV=9bVbfewvun8PyqocXjnIob.0;server=akswtt106000004;cloudType=Consumer;environment=Prod_southeastasia_prod-s01-064-apac-southeastasia;migrationStage=NotStarted}
{"logTime": "1104/124422", "correlationVector":"nU/k1huZnIxTbVcTeJCT0W.1","action":"SyncServerConnectionManagerRequest", "result":"SYNC_SERVER_OK", "context":{"environment":"Prod_southeastasia_prod-s01-064-apac-southeastasia", "migrationStage":"NotStarted", "server":"akswtt10600000h"}}
{"logTime": "1104/124422", "correlationVector":"nU/k1huZnIxTbVcTeJCT0W.2","action":"ProcessGetUpdates", "result":"Done", "context":{"dataType":"Encryption Keys", "deleted":"0", "process_failed_to_decrypt":"0", "process_pending_decryption":"0", "process_success":"1", "total":"1"}}
{"logTime": "1104/124423", "correlationVector":"lCSZ9ilYKO0wBdyNUKAt+9","action":"SyncServerConnectionManagerRequest", "result":"SYNC_SERVER_OK", "context":{"environment":"", "migrationStage":"", "server":""}}
{"logTime": "1104/124423", "correlationVector":"lCSZ9ilYKO0wBdyNUKAt+9.0","action":"EncryptionKeysFetcher.DownloadKeys:", "result":"Success", "context":Key count: 6, Last key timestamp: 2025-08-28T14:27:03Z}
{"logTime": "1104/124423", "correlationVector":"lCSZ9ilYKO0wBdyNUKAt+9.1","action":"EncryptionKeysManager::SetEncryptionKeys:", "result":"Success", "context":Key names[6]:[ZqUyZsRUYOCuJrPCnuH7XqExVEY/tRMstQAAfrNcRm/cZChE3m7PMG7nXCtRRgg92FdVNvsWBy2S3aIWy1m6Pg==][y08mJStNdo/WjeKeNJdR1nzLOetyD01FpKsDOEdmJNwoh2xfZrTz7Q6QyNhOmV5+BhnskL+h0V+lMkl3Sd3zDw==][Loml7tkauVG3pXA7KjLUfHbKChEASbvRUYGwpMvSNTSraNYg4W2EcCnEhgU/KxIZVK3L/QzaTu7BUZncSKZTnw==][gm4TgNVqbRnp7y23rRVJAy0uNHnw+B4gnHS86SW/TXYxyIQcte/5gF3F1XHbp5Vj5TWj+aFUjP6dXJ5uI+7SEQ==][5+QmWy8gofbrrdFxHgbGQgWzpR45PWwlFHkN/IhbHuRr9b95QLCx1rrpCvDi7Cya42urWTtNvSgLTxE4UhYVWw==][7CImSsewaTUHUyULRE9QerZDc55GKTWi+2A8LfOtTKlF/huBtUF+BWORNeG6DKsQvE2yhaQt7zf4W06oJK0bZg==]}
{"logTime": "1104/124423", "correlationVector":"lCSZ9ilYKO0wBdyNUKAt+9.2","action":"EncryptionKeysManager::SetEncryptionKeysWithTimestamps:", "result":"Success", "context":Key timestamps[6]:[2023-08-10T14:18:08Z][2023-09-05T13:38:49Z][2024-03-03T15:43:32Z][2024-08-31T12:46:01Z][2025-02-28T06:56:24Z][2025-08-28T14:27:03Z]}
{"logTime": "1104/124423", "correlationVector":"nU/k1huZnIxTbVcTeJCT0W","action":"Initial GetUpdates", "result":"", "context":Reason: NEW_CLIENT. cV=nU/k1huZnIxTbVcTeJCT0W}
{"logTime": "1104/124423", "correlationVector":"nU/k1huZnIxTbVcTeJCT0W.3","action":"GetUpdates Response", "result":"Success", "context":Received 1 update(s). cV=nU/k1huZnIxTbVcTeJCT0W.0;server=akswtt10600000h;cloudType=Consumer;environment=Prod_southeastasia_prod-s01-064-apac-southeastasia;migrationStage=NotStarted}
{"logTime": "1104/124423", "correlationVector":"tyzyKF8vFvOQN5mUsXYgZi","action":"Initial GetUpdates", "result":"", "context":Reason: NEWLY_SUPPORTED_DATATYPE. cV=tyzyKF8vFvOQN5mUsXYgZi}
{"logTime": "1104/124423", "correlationVector":"tyzyKF8vFvOQN5mUsXYgZi.1","action":"SyncServerConnectionManagerRequest", "result":"SYNC_SERVER_OK", "context":{"environment":"Prod_southeastasia_prod-s01-064-apac-southeastasia", "migrationStage":"NotStarted", "server":"akswtt10600000y"}}
{"logTime": "1104/124423", "correlationVector":"tyzyKF8vFvOQN5mUsXYgZi.2","action":"ProcessGetUpdates", "result":"Done", "context":{"dataType":"Passwords", "deleted":"0", "process_failed_to_decrypt":"0", "process_pending_decryption":"0", "process_success":"56", "total":"56"}}
{"logTime": "1104/124423", "correlationVector":"tyzyKF8vFvOQN5mUsXYgZi.3","action":"GetUpdates Response", "result":"Success", "context":Received 56 update(s). cV=tyzyKF8vFvOQN5mUsXYgZi.0;server=akswtt10600000y;cloudType=Consumer;environment=Prod_southeastasia_prod-s01-064-apac-southeastasia;migrationStage=NotStarted}
{"logTime": "1104/124423", "correlationVector":"TQvNTvMjBamdQOufI0V4mw","action":"Normal GetUpdate request", "result":"", "context":cV=TQvNTvMjBamdQOufI0V4mw
Nudged types: Sessions, Device Info, History
Refresh requested types: Bookmarks, Preferences, Passwords, Autofill Profiles, Autofill, Extensions, Sessions, Extension settings, History Delete Directives, Device Info, User Consents, Send Tab To Self, Web Apps, History, Saved Tab Group, WebAuthn Credentials, Collection, Edge E Drop, Edge Hub App Usage, Edge Wallet, Encryption Keys}
{"logTime": "1104/124423", "correlationVector":"TQvNTvMjBamdQOufI0V4mw.1","action":"SyncServerConnectionManagerRequest", "result":"SYNC_SERVER_OK", "context":{"environment":"Prod_southeastasia_prod-s01-064-apac-southeastasia", "migrationStage":"NotStarted", "server":"akswtt106000002"}}
{"logTime": "1104/124423", "correlationVector":"TQvNTvMjBamdQOufI0V4mw.2","action":"ProcessGetUpdates", "result":"Done", "context":{"dataType":"Sessions", "deleted":"0", "process_failed_to_decrypt":"0", "process_pending_decryption":"0", "process_success":"2", "total":"2"}}
{"logTime": "1104/124423", "correlationVector":"TQvNTvMjBamdQOufI0V4mw.3","action":"ProcessGetUpdates", "result":"Done", "context":{"dataType":"History", "deleted":"0", "process_failed_to_decrypt":"0", "process_pending_decryption":"0", "process_success":"1", "total":"1"}}
{"logTime": "1104/124423", "correlationVector":"TQvNTvMjBamdQOufI0V4mw.4","action":"GetUpdates Response", "result":"Success", "context":Received 3 update(s). cV=TQvNTvMjBamdQOufI0V4mw.0;server=akswtt106000002;cloudType=Consumer;environment=Prod_southeastasia_prod-s01-064-apac-southeastasia;migrationStage=NotStarted}
{"logTime": "1104/124424", "correlationVector":"tnmorMqSMUYJtk1a9KMKsJ","action":"Commit Request", "result":"", "context":Item count: 5
Contributing types: Sessions, Device Info, History}
{"logTime": "1104/124424", "correlationVector":"tnmorMqSMUYJtk1a9KMKsJ.1","action":"SyncServerConnectionManagerRequest", "result":"SYNC_SERVER_OK", "context":{"environment":"Prod_southeastasia_prod-s01-064-apac-southeastasia", "migrationStage":"NotStarted", "server":"akswtt10600000q"}}
{"logTime": "1104/124424", "correlationVector":"tnmorMqSMUYJtk1a9KMKsJ.3","action":"Commit.Sessions", "result":"Success", "context":{"id":"67de0951-4d49-43c2-9169-531cce48afbf", "isDeleted":"true", "size":"0", "version":"1762260108471"}}
{"logTime": "1104/124424", "correlationVector":"tnmorMqSMUYJtk1a9KMKsJ.2","action":"Commit Response", "result":"Success", "context":Result: Success. cV=tnmorMqSMUYJtk1a9KMKsJ.0;server=akswtt10600000q;cloudType=Consumer;environment=Prod_southeastasia_prod-s01-064-apac-southeastasia;migrationStage=NotStarted}
{"logTime": "1104/124427", "correlationVector":"GVrNMypseGYhlBQi28XhhN","action":"Normal GetUpdate request", "result":"", "context":cV=GVrNMypseGYhlBQi28XhhN
Nudged types: Sessions, History
Notified types: History}
{"logTime": "1104/124427", "correlationVector":"GVrNMypseGYhlBQi28XhhN.1","action":"SyncServerConnectionManagerRequest", "result":"SYNC_SERVER_OK", "context":{"environment":"Prod_southeastasia_prod-s01-064-apac-southeastasia", "migrationStage":"NotStarted", "server":"akswtt106000002"}}
{"logTime": "1104/124427", "correlationVector":"GVrNMypseGYhlBQi28XhhN.2","action":"ProcessGetUpdates", "result":"Done", "context":{"dataType":"Sessions", "deleted":"1", "process_failed_to_decrypt":"0", "process_pending_decryption":"0", "process_success":"6", "total":"6"}}
{"logTime": "1104/124427", "correlationVector":"GVrNMypseGYhlBQi28XhhN.3","action":"ProcessGetUpdates", "result":"Done", "context":{"dataType":"Device Info", "deleted":"0", "process_failed_to_decrypt":"0", "process_pending_decryption":"0", "process_success":"1", "total":"1"}}
{"logTime": "1104/124427", "correlationVector":"GVrNMypseGYhlBQi28XhhN.4","action":"ProcessGetUpdates", "result":"Done", "context":{"dataType":"History", "deleted":"0", "process_failed_to_decrypt":"0", "process_pending_decryption":"0", "process_success":"5", "total":"5"}}
{"logTime": "1104/124427", "correlationVector":"GVrNMypseGYhlBQi28XhhN.5","action":"GetUpdates Response", "result":"Success", "context":Received 12 update(s). cV=GVrNMypseGYhlBQi28XhhN.0;server=akswtt106000002;cloudType=Consumer;environment=Prod_southeastasia_prod-s01-064-apac-southeastasia;migrationStage=NotStarted}
{"logTime": "1104/124427", "correlationVector":"QFDq/dRrRnp27leptzQXXk","action":"Commit Request", "result":"", "context":Item count: 40
Contributing types: Passwords}
{"logTime": "1104/124430", "correlationVector":"QFDq/dRrRnp27leptzQXXk.1","action":"SyncServerConnectionManagerRequest", "result":"SYNC_SERVER_OK", "context":{"environment":"Prod_southeastasia_prod-s01-064-apac-southeastasia", "migrationStage":"NotStarted", "server":"akswtt10600001q"}}
{"logTime": "1104/124430", "correlationVector":"QFDq/dRrRnp27leptzQXXk.2","action":"Commit Response", "result":"Success", "context":Result: Success. cV=QFDq/dRrRnp27leptzQXXk.0;server=akswtt10600001q;cloudType=Consumer;environment=Prod_southeastasia_prod-s01-064-apac-southeastasia;migrationStage=NotStarted}
{"logTime": "1104/124430", "correlationVector":"SaWcMkPyEUnI07YRx7OXH1","action":"Commit Request", "result":"", "context":Item count: 12
Contributing types: Preferences, Passwords, Sessions, History}
{"logTime": "1104/124431", "correlationVector":"SaWcMkPyEUnI07YRx7OXH1.1","action":"SyncServerConnectionManagerRequest", "result":"SYNC_SERVER_OK", "context":{"environment":"Prod_southeastasia_prod-s01-064-apac-southeastasia", "migrationStage":"NotStarted", "server":"akswtt106000001"}}
{"logTime": "1104/124431", "correlationVector":"SaWcMkPyEUnI07YRx7OXH1.2","action":"Commit Response", "result":"Success", "context":Result: Success. cV=SaWcMkPyEUnI07YRx7OXH1.0;server=akswtt106000001;cloudType=Consumer;environment=Prod_southeastasia_prod-s01-064-apac-southeastasia;migrationStage=NotStarted}
{"logTime": "1104/124551", "correlationVector":"RIs+bp/yBJXXVOWIj9ksBl.1","action":"SyncServerConnectionManagerRequest", "result":"SYNC_SERVER_OK", "context":{"environment":"Prod_southeastasia_prod-s01-065-apac-southeastasia", "migrationStage":"NotStarted", "server":"akswtt10600000s"}}
{"logTime": "1104/124551", "correlationVector":"RIs+bp/yBJXXVOWIj9ksBl.2","action":"ProcessGetUpdates", "result":"Done", "context":{"dataType":"Encryption Keys", "deleted":"0", "process_failed_to_decrypt":"0", "process_pending_decryption":"0", "process_success":"1", "total":"1"}}
{"logTime": "1104/124552", "correlationVector":"lq697jvexLJBG61N8ClWxV","action":"SyncServerConnectionManagerRequest", "result":"SYNC_SERVER_OK", "context":{"environment":"", "migrationStage":"", "server":""}}
{"logTime": "1104/124552", "correlationVector":"lq697jvexLJBG61N8ClWxV.0","action":"EncryptionKeysFetcher.DownloadKeys:", "result":"Success", "context":Key count: 6, Last key timestamp: 2025-08-28T14:27:03Z}
{"logTime": "1104/124552", "correlationVector":"lq697jvexLJBG61N8ClWxV.1","action":"EncryptionKeysManager::SetEncryptionKeys:", "result":"Success", "context":Key names[6]:[ZqUyZsRUYOCuJrPCnuH7XqExVEY/tRMstQAAfrNcRm/cZChE3m7PMG7nXCtRRgg92FdVNvsWBy2S3aIWy1m6Pg==][y08mJStNdo/WjeKeNJdR1nzLOetyD01FpKsDOEdmJNwoh2xfZrTz7Q6QyNhOmV5+BhnskL+h0V+lMkl3Sd3zDw==][Loml7tkauVG3pXA7KjLUfHbKChEASbvRUYGwpMvSNTSraNYg4W2EcCnEhgU/KxIZVK3L/QzaTu7BUZncSKZTnw==][gm4TgNVqbRnp7y23rRVJAy0uNHnw+B4gnHS86SW/TXYxyIQcte/5gF3F1XHbp5Vj5TWj+aFUjP6dXJ5uI+7SEQ==][5+QmWy8gofbrrdFxHgbGQgWzpR45PWwlFHkN/IhbHuRr9b95QLCx1rrpCvDi7Cya42urWTtNvSgLTxE4UhYVWw==][7CImSsewaTUHUyULRE9QerZDc55GKTWi+2A8LfOtTKlF/huBtUF+BWORNeG6DKsQvE2yhaQt7zf4W06oJK0bZg==]}
{"logTime": "1104/124552", "correlationVector":"lq697jvexLJBG61N8ClWxV.2","action":"EncryptionKeysManager::SetEncryptionKeysWithTimestamps:", "result":"Success", "context":Key timestamps[6]:[2023-08-10T14:18:08Z][2023-09-05T13:38:49Z][2024-03-03T15:43:32Z][2024-08-31T12:46:01Z][2025-02-28T06:56:24Z][2025-08-28T14:27:03Z]}
{"logTime": "1104/124552", "correlationVector":"RIs+bp/yBJXXVOWIj9ksBl","action":"Initial GetUpdates", "result":"", "context":Reason: NEW_CLIENT. cV=RIs+bp/yBJXXVOWIj9ksBl}
{"logTime": "1104/124552", "correlationVector":"RIs+bp/yBJXXVOWIj9ksBl.3","action":"GetUpdates Response", "result":"Success", "context":Received 1 update(s). cV=RIs+bp/yBJXXVOWIj9ksBl.0;server=akswtt10600000s;cloudType=Consumer;environment=Prod_southeastasia_prod-s01-065-apac-southeastasia;migrationStage=NotStarted}
{"logTime": "1104/124552", "correlationVector":"/J8+5+u0z3pQFO2ppvgDa4","action":"Initial GetUpdates", "result":"", "context":Reason: NEWLY_SUPPORTED_DATATYPE. cV=/J8+5+u0z3pQFO2ppvgDa4}
{"logTime": "1104/124552", "correlationVector":"/J8+5+u0z3pQFO2ppvgDa4.1","action":"SyncServerConnectionManagerRequest", "result":"SYNC_SERVER_OK", "context":{"environment":"Prod_southeastasia_prod-s01-065-apac-southeastasia", "migrationStage":"NotStarted", "server":"akswtt10600000n"}}
{"logTime": "1104/124552", "correlationVector":"/J8+5+u0z3pQFO2ppvgDa4.2","action":"ProcessGetUpdates", "result":"Done", "context":{"dataType":"Passwords", "deleted":"0", "process_failed_to_decrypt":"0", "process_pending_decryption":"0", "process_success":"56", "total":"56"}}
{"logTime": "1104/124552", "correlationVector":"/J8+5+u0z3pQFO2ppvgDa4.3","action":"GetUpdates Response", "result":"Success", "context":Received 56 update(s). cV=/J8+5+u0z3pQFO2ppvgDa4.0;server=akswtt10600000n;cloudType=Consumer;environment=Prod_southeastasia_prod-s01-065-apac-southeastasia;migrationStage=NotStarted}
{"logTime": "1104/124552", "correlationVector":"aRIBVhLfIs/HEC6ZYUUz8q","action":"Normal GetUpdate request", "result":"", "context":cV=aRIBVhLfIs/HEC6ZYUUz8q
Nudged types: Sessions, Device Info, History
Refresh requested types: Bookmarks, Preferences, Passwords, Autofill Profiles, Autofill, Extensions, Sessions, Extension settings, History Delete Directives, Device Info, User Consents, Send Tab To Self, Web Apps, History, Saved Tab Group, WebAuthn Credentials, Collection, Edge E Drop, Edge Hub App Usage, Edge Wallet, Encryption Keys}
{"logTime": "1104/124553", "correlationVector":"aRIBVhLfIs/HEC6ZYUUz8q.1","action":"SyncServerConnectionManagerRequest", "result":"SYNC_SERVER_OK", "context":{"environment":"Prod_southeastasia_prod-s01-065-apac-southeastasia", "migrationStage":"NotStarted", "server":"akswtt106000004"}}
{"logTime": "1104/124553", "correlationVector":"aRIBVhLfIs/HEC6ZYUUz8q.2","action":"ProcessGetUpdates", "result":"Done", "context":{"dataType":"Preferences", "deleted":"0", "process_failed_to_decrypt":"0", "process_pending_decryption":"0", "process_success":"1", "total":"1"}}
{"logTime": "1104/124553", "correlationVector":"aRIBVhLfIs/HEC6ZYUUz8q.3","action":"ProcessGetUpdates", "result":"Done", "context":{"dataType":"Sessions", "deleted":"1", "process_failed_to_decrypt":"0", "process_pending_decryption":"0", "process_success":"4", "total":"4"}}
{"logTime": "1104/124553", "correlationVector":"aRIBVhLfIs/HEC6ZYUUz8q.4","action":"ProcessGetUpdates", "result":"Done", "context":{"dataType":"History", "deleted":"0", "process_failed_to_decrypt":"0", "process_pending_decryption":"0", "process_success":"2", "total":"2"}}
{"logTime": "1104/124553", "correlationVector":"aRIBVhLfIs/HEC6ZYUUz8q.5","action":"GetUpdates Response", "result":"Success", "context":Received 7 update(s). cV=aRIBVhLfIs/HEC6ZYUUz8q.0;server=akswtt106000004;cloudType=Consumer;environment=Prod_southeastasia_prod-s01-065-apac-southeastasia;migrationStage=NotStarted}
{"logTime": "1104/124553", "correlationVector":"jSUGnEGkQj8ADKkoCV/o+6","action":"Commit Request", "result":"", "context":Item count: 5
Contributing types: Sessions, Device Info, History}
{"logTime": "1104/124554", "correlationVector":"jSUGnEGkQj8ADKkoCV/o+6.1","action":"SyncServerConnectionManagerRequest", "result":"SYNC_SERVER_OK", "context":{"environment":"Prod_southeastasia_prod-s01-065-apac-southeastasia", "migrationStage":"NotStarted", "server":"akswtt10600000k"}}
{"logTime": "1104/124554", "correlationVector":"jSUGnEGkQj8ADKkoCV/o+6.3","action":"Commit.Sessions", "result":"Success", "context":{"id":"7db8e616-4225-419f-9dd9-6fb97f7d8cd9", "isDeleted":"true", "size":"0", "version":"1762260269701"}}
{"logTime": "1104/124554", "correlationVector":"jSUGnEGkQj8ADKkoCV/o+6.2","action":"Commit Response", "result":"Success", "context":Result: Success. cV=jSUGnEGkQj8ADKkoCV/o+6.0;server=akswtt10600000k;cloudType=Consumer;environment=Prod_southeastasia_prod-s01-065-apac-southeastasia;migrationStage=NotStarted}
{"logTime": "1104/124557", "correlationVector":"HXh2Ls+LoP33A0rJrJz42m","action":"Commit Request", "result":"", "context":Item count: 40
Contributing types: Passwords}
{"logTime": "1104/124559", "correlationVector":"HXh2Ls+LoP33A0rJrJz42m.1","action":"SyncServerConnectionManagerRequest", "result":"SYNC_SERVER_OK", "context":{"environment":"Prod_southeastasia_prod-s01-064-apac-southeastasia", "migrationStage":"NotStarted", "server":"akswtt10600000h"}}
{"logTime": "1104/124559", "correlationVector":"HXh2Ls+LoP33A0rJrJz42m.2","action":"Commit Response", "result":"Success", "context":Result: Success. cV=HXh2Ls+LoP33A0rJrJz42m.0;server=akswtt10600000h;cloudType=Consumer;environment=Prod_southeastasia_prod-s01-064-apac-southeastasia;migrationStage=NotStarted}
{"logTime": "1104/124600", "correlationVector":"Vfbpa/Sr16FsUpVHgG7Px4","action":"Commit Request", "result":"", "context":Item count: 12
Contributing types: Preferences, Passwords, Sessions, History}
{"logTime": "1104/124601", "correlationVector":"Vfbpa/Sr16FsUpVHgG7Px4.1","action":"SyncServerConnectionManagerRequest", "result":"SYNC_SERVER_OK", "context":{"environment":"Prod_southeastasia_prod-s01-064-apac-southeastasia", "migrationStage":"NotStarted", "server":"akswtt10600000k"}}
{"logTime": "1104/124601", "correlationVector":"Vfbpa/Sr16FsUpVHgG7Px4.2","action":"Commit Response", "result":"Success", "context":Result: Success. cV=Vfbpa/Sr16FsUpVHgG7Px4.0;server=akswtt10600000k;cloudType=Consumer;environment=Prod_southeastasia_prod-s01-064-apac-southeastasia;migrationStage=NotStarted}
{"logTime": "1104/124829", "correlationVector":"XV8LXC4/PYocl4UQOLcXC+.1","action":"SyncServerConnectionManagerRequest", "result":"SYNC_SERVER_OK", "context":{"environment":"Prod_southeastasia_prod-s01-064-apac-southeastasia", "migrationStage":"NotStarted", "server":"akswtt106000005"}}
{"logTime": "1104/124829", "correlationVector":"XV8LXC4/PYocl4UQOLcXC+.2","action":"ProcessGetUpdates", "result":"Done", "context":{"dataType":"Encryption Keys", "deleted":"0", "process_failed_to_decrypt":"0", "process_pending_decryption":"0", "process_success":"1", "total":"1"}}
{"logTime": "1104/124829", "correlationVector":"F2KlR5vIzqiPAxcZnHwGTo","action":"SyncServerConnectionManagerRequest", "result":"SYNC_SERVER_OK", "context":{"environment":"", "migrationStage":"", "server":""}}
{"logTime": "1104/124829", "correlationVector":"F2KlR5vIzqiPAxcZnHwGTo.0","action":"EncryptionKeysFetcher.DownloadKeys:", "result":"Success", "context":Key count: 6, Last key timestamp: 2025-08-28T14:27:03Z}
{"logTime": "1104/124829", "correlationVector":"F2KlR5vIzqiPAxcZnHwGTo.1","action":"EncryptionKeysManager::SetEncryptionKeys:", "result":"Success", "context":Key names[6]:[ZqUyZsRUYOCuJrPCnuH7XqExVEY/tRMstQAAfrNcRm/cZChE3m7PMG7nXCtRRgg92FdVNvsWBy2S3aIWy1m6Pg==][y08mJStNdo/WjeKeNJdR1nzLOetyD01FpKsDOEdmJNwoh2xfZrTz7Q6QyNhOmV5+BhnskL+h0V+lMkl3Sd3zDw==][Loml7tkauVG3pXA7KjLUfHbKChEASbvRUYGwpMvSNTSraNYg4W2EcCnEhgU/KxIZVK3L/QzaTu7BUZncSKZTnw==][gm4TgNVqbRnp7y23rRVJAy0uNHnw+B4gnHS86SW/TXYxyIQcte/5gF3F1XHbp5Vj5TWj+aFUjP6dXJ5uI+7SEQ==][5+QmWy8gofbrrdFxHgbGQgWzpR45PWwlFHkN/IhbHuRr9b95QLCx1rrpCvDi7Cya42urWTtNvSgLTxE4UhYVWw==][7CImSsewaTUHUyULRE9QerZDc55GKTWi+2A8LfOtTKlF/huBtUF+BWORNeG6DKsQvE2yhaQt7zf4W06oJK0bZg==]}
{"logTime": "1104/124829", "correlationVector":"F2KlR5vIzqiPAxcZnHwGTo.2","action":"EncryptionKeysManager::SetEncryptionKeysWithTimestamps:", "result":"Success", "context":Key timestamps[6]:[2023-08-10T14:18:08Z][2023-09-05T13:38:49Z][2024-03-03T15:43:32Z][2024-08-31T12:46:01Z][2025-02-28T06:56:24Z][2025-08-28T14:27:03Z]}
{"logTime": "1104/124829", "correlationVector":"XV8LXC4/PYocl4UQOLcXC+","action":"Initial GetUpdates", "result":"", "context":Reason: NEW_CLIENT. cV=XV8LXC4/PYocl4UQOLcXC+}
{"logTime": "1104/124829", "correlationVector":"XV8LXC4/PYocl4UQOLcXC+.3","action":"GetUpdates Response", "result":"Success", "context":Received 1 update(s). cV=XV8LXC4/PYocl4UQOLcXC+.0;server=akswtt106000005;cloudType=Consumer;environment=Prod_southeastasia_prod-s01-064-apac-southeastasia;migrationStage=NotStarted}
{"logTime": "1104/124829", "correlationVector":"ommP+9le2LMCXaUnVa0OdJ","action":"Initial GetUpdates", "result":"", "context":Reason: NEWLY_SUPPORTED_DATATYPE. cV=ommP+9le2LMCXaUnVa0OdJ}
{"logTime": "1104/124830", "correlationVector":"ommP+9le2LMCXaUnVa0OdJ.1","action":"SyncServerConnectionManagerRequest", "result":"SYNC_SERVER_OK", "context":{"environment":"Prod_southeastasia_prod-s01-064-apac-southeastasia", "migrationStage":"NotStarted", "server":"akswtt10600000y"}}
{"logTime": "1104/124830", "correlationVector":"ommP+9le2LMCXaUnVa0OdJ.2","action":"ProcessGetUpdates", "result":"Done", "context":{"dataType":"Passwords", "deleted":"0", "process_failed_to_decrypt":"0", "process_pending_decryption":"0", "process_success":"56", "total":"56"}}
{"logTime": "1104/124830", "correlationVector":"ommP+9le2LMCXaUnVa0OdJ.3","action":"GetUpdates Response", "result":"Success", "context":Received 56 update(s). cV=ommP+9le2LMCXaUnVa0OdJ.0;server=akswtt10600000y;cloudType=Consumer;environment=Prod_southeastasia_prod-s01-064-apac-southeastasia;migrationStage=NotStarted}
{"logTime": "1104/124830", "correlationVector":"BooBLIJGqO2COonX6AWs8f","action":"Normal GetUpdate request", "result":"", "context":cV=BooBLIJGqO2COonX6AWs8f
Nudged types: Sessions, Device Info, History
Refresh requested types: Bookmarks, Preferences, Passwords, Autofill Profiles, Autofill, Extensions, Sessions, Extension settings, History Delete Directives, Device Info, User Consents, Send Tab To Self, Web Apps, History, Saved Tab Group, WebAuthn Credentials, Collection, Edge E Drop, Edge Hub App Usage, Edge Wallet, Encryption Keys}
{"logTime": "1104/124830", "correlationVector":"BooBLIJGqO2COonX6AWs8f.1","action":"SyncServerConnectionManagerRequest", "result":"SYNC_SERVER_OK", "context":{"environment":"Prod_southeastasia_prod-s01-064-apac-southeastasia", "migrationStage":"NotStarted", "server":"akswtt10600000r"}}
{"logTime": "1104/124830", "correlationVector":"BooBLIJGqO2COonX6AWs8f.2","action":"ProcessGetUpdates", "result":"Done", "context":{"dataType":"Preferences", "deleted":"0", "process_failed_to_decrypt":"0", "process_pending_decryption":"0", "process_success":"1", "total":"1"}}
{"logTime": "1104/124830", "correlationVector":"BooBLIJGqO2COonX6AWs8f.3","action":"ProcessGetUpdates", "result":"Done", "context":{"dataType":"Sessions", "deleted":"1", "process_failed_to_decrypt":"0", "process_pending_decryption":"0", "process_success":"3", "total":"3"}}
{"logTime": "1104/124830", "correlationVector":"BooBLIJGqO2COonX6AWs8f.4","action":"ProcessGetUpdates", "result":"Done", "context":{"dataType":"Device Info", "deleted":"0", "process_failed_to_decrypt":"0", "process_pending_decryption":"0", "process_success":"1", "total":"1"}}
{"logTime": "1104/124830", "correlationVector":"BooBLIJGqO2COonX6AWs8f.5","action":"ProcessGetUpdates", "result":"Done", "context":{"dataType":"History", "deleted":"0", "process_failed_to_decrypt":"0", "process_pending_decryption":"0", "process_success":"2", "total":"2"}}
{"logTime": "1104/124830", "correlationVector":"BooBLIJGqO2COonX6AWs8f.6","action":"GetUpdates Response", "result":"Success", "context":Received 7 update(s). cV=BooBLIJGqO2COonX6AWs8f.0;server=akswtt10600000r;cloudType=Consumer;environment=Prod_southeastasia_prod-s01-064-apac-southeastasia;migrationStage=NotStarted}
{"logTime": "1104/124830", "correlationVector":"VfQrUXVEAbLFKt2iY7lUcz","action":"Commit Request", "result":"", "context":Item count: 5
Contributing types: Sessions, Device Info, History}
{"logTime": "1104/124831", "correlationVector":"VfQrUXVEAbLFKt2iY7lUcz.1","action":"SyncServerConnectionManagerRequest", "result":"SYNC_SERVER_OK", "context":{"environment":"Prod_southeastasia_prod-s01-064-apac-southeastasia", "migrationStage":"NotStarted", "server":"akswtt106000013"}}
{"logTime": "1104/124831", "correlationVector":"VfQrUXVEAbLFKt2iY7lUcz.2","action":"Commit Response", "result":"Success", "context":Result: Success. cV=VfQrUXVEAbLFKt2iY7lUcz.0;server=akswtt106000013;cloudType=Consumer;environment=Prod_southeastasia_prod-s01-064-apac-southeastasia;migrationStage=NotStarted}
{"logTime": "1104/124831", "correlationVector":"VfQrUXVEAbLFKt2iY7lUcz.3","action":"Commit.Sessions", "result":"Success", "context":{"id":"13a6bca9-3ef6-4ea5-90a5-746652039114", "isDeleted":"true", "size":"0", "version":"1762260359211"}}
{"logTime": "1104/124834", "correlationVector":"LZE29IH11w9343B0sCmPM8","action":"Normal GetUpdate request", "result":"", "context":cV=LZE29IH11w9343B0sCmPM8
Nudged types: Preferences, Passwords, Sessions, History
Notified types: History}
{"logTime": "1104/124834", "correlationVector":"LZE29IH11w9343B0sCmPM8.1","action":"SyncServerConnectionManagerRequest", "result":"SYNC_SERVER_OK", "context":{"environment":"Prod_southeastasia_prod-s01-064-apac-southeastasia", "migrationStage":"NotStarted", "server":"akswtt10600000g"}}
{"logTime": "1104/124834", "correlationVector":"LZE29IH11w9343B0sCmPM8.2","action":"ProcessGetUpdates", "result":"Done", "context":{"dataType":"Sessions", "deleted":"1", "process_failed_to_decrypt":"0", "process_pending_decryption":"0", "process_success":"6", "total":"6"}}
{"logTime": "1104/124834", "correlationVector":"LZE29IH11w9343B0sCmPM8.3","action":"ProcessGetUpdates", "result":"Done", "context":{"dataType":"Device Info", "deleted":"0", "process_failed_to_decrypt":"0", "process_pending_decryption":"0", "process_success":"1", "total":"1"}}
{"logTime": "1104/124834", "correlationVector":"LZE29IH11w9343B0sCmPM8.4","action":"ProcessGetUpdates", "result":"Done", "context":{"dataType":"History", "deleted":"0", "process_failed_to_decrypt":"0", "process_pending_decryption":"0", "process_success":"2", "total":"2"}}
{"logTime": "1104/124834", "correlationVector":"LZE29IH11w9343B0sCmPM8.5","action":"GetUpdates Response", "result":"Success", "context":Received 9 update(s). cV=LZE29IH11w9343B0sCmPM8.0;server=akswtt10600000g;cloudType=Consumer;environment=Prod_southeastasia_prod-s01-064-apac-southeastasia;migrationStage=NotStarted}
{"logTime": "1104/124834", "correlationVector":"ciXfNZMKn9w+rjnYGrH7gT","action":"Commit Request", "result":"", "context":Item count: 40
Contributing types: Passwords}
{"logTime": "1104/124838", "correlationVector":"ciXfNZMKn9w+rjnYGrH7gT.1","action":"SyncServerConnectionManagerRequest", "result":"SYNC_SERVER_OK", "context":{"environment":"Prod_southeastasia_prod-s01-064-apac-southeastasia", "migrationStage":"NotStarted", "server":"akswtt10600001h"}}
{"logTime": "1104/124838", "correlationVector":"ciXfNZMKn9w+rjnYGrH7gT.2","action":"Commit Response", "result":"Success", "context":Result: Success. cV=ciXfNZMKn9w+rjnYGrH7gT.0;server=akswtt10600001h;cloudType=Consumer;environment=Prod_southeastasia_prod-s01-064-apac-southeastasia;migrationStage=NotStarted}
{"logTime": "1104/124838", "correlationVector":"rlnkShx5nJ87zfhzizZQuI","action":"Commit Request", "result":"", "context":Item count: 12
Contributing types: Preferences, Passwords, Sessions, History}
{"logTime": "1104/124841", "correlationVector":"rlnkShx5nJ87zfhzizZQuI.1","action":"SyncServerConnectionManagerRequest", "result":"SYNC_SERVER_OK", "context":{"environment":"Prod_southeastasia_prod-s01-064-apac-southeastasia", "migrationStage":"NotStarted", "server":"akswtt10600000h"}}
{"logTime": "1104/124841", "correlationVector":"rlnkShx5nJ87zfhzizZQuI.2","action":"Commit Response", "result":"Success", "context":Result: Success. cV=rlnkShx5nJ87zfhzizZQuI.0;server=akswtt10600000h;cloudType=Consumer;environment=Prod_southeastasia_prod-s01-064-apac-southeastasia;migrationStage=NotStarted}
{"logTime": "1104/124918", "correlationVector":"03H8u9abP9oEQgV/eg/0IY.1","action":"SyncServerConnectionManagerRequest", "result":"SYNC_SERVER_OK", "context":{"environment":"Prod_southeastasia_prod-s01-064-apac-southeastasia", "migrationStage":"NotStarted", "server":"akswtt106000014"}}
{"logTime": "1104/124918", "correlationVector":"03H8u9abP9oEQgV/eg/0IY.2","action":"ProcessGetUpdates", "result":"Done", "context":{"dataType":"Encryption Keys", "deleted":"0", "process_failed_to_decrypt":"0", "process_pending_decryption":"0", "process_success":"1", "total":"1"}}
{"logTime": "1104/124919", "correlationVector":"8jyQaUJmmECimgQhsBuSmP","action":"SyncServerConnectionManagerRequest", "result":"SYNC_SERVER_OK", "context":{"environment":"", "migrationStage":"", "server":""}}
{"logTime": "1104/124919", "correlationVector":"8jyQaUJmmECimgQhsBuSmP.0","action":"EncryptionKeysFetcher.DownloadKeys:", "result":"Success", "context":Key count: 6, Last key timestamp: 2025-08-28T14:27:03Z}
{"logTime": "1104/124919", "correlationVector":"8jyQaUJmmECimgQhsBuSmP.1","action":"EncryptionKeysManager::SetEncryptionKeys:", "result":"Success", "context":Key names[6]:[ZqUyZsRUYOCuJrPCnuH7XqExVEY/tRMstQAAfrNcRm/cZChE3m7PMG7nXCtRRgg92FdVNvsWBy2S3aIWy1m6Pg==][y08mJStNdo/WjeKeNJdR1nzLOetyD01FpKsDOEdmJNwoh2xfZrTz7Q6QyNhOmV5+BhnskL+h0V+lMkl3Sd3zDw==][Loml7tkauVG3pXA7KjLUfHbKChEASbvRUYGwpMvSNTSraNYg4W2EcCnEhgU/KxIZVK3L/QzaTu7BUZncSKZTnw==][gm4TgNVqbRnp7y23rRVJAy0uNHnw+B4gnHS86SW/TXYxyIQcte/5gF3F1XHbp5Vj5TWj+aFUjP6dXJ5uI+7SEQ==][5+QmWy8gofbrrdFxHgbGQgWzpR45PWwlFHkN/IhbHuRr9b95QLCx1rrpCvDi7Cya42urWTtNvSgLTxE4UhYVWw==][7CImSsewaTUHUyULRE9QerZDc55GKTWi+2A8LfOtTKlF/huBtUF+BWORNeG6DKsQvE2yhaQt7zf4W06oJK0bZg==]}
{"logTime": "1104/124919", "correlationVector":"8jyQaUJmmECimgQhsBuSmP.2","action":"EncryptionKeysManager::SetEncryptionKeysWithTimestamps:", "result":"Success", "context":Key timestamps[6]:[2023-08-10T14:18:08Z][2023-09-05T13:38:49Z][2024-03-03T15:43:32Z][2024-08-31T12:46:01Z][2025-02-28T06:56:24Z][2025-08-28T14:27:03Z]}
{"logTime": "1104/124919", "correlationVector":"03H8u9abP9oEQgV/eg/0IY","action":"Initial GetUpdates", "result":"", "context":Reason: NEW_CLIENT. cV=03H8u9abP9oEQgV/eg/0IY}
{"logTime": "1104/124919", "correlationVector":"03H8u9abP9oEQgV/eg/0IY.3","action":"GetUpdates Response", "result":"Success", "context":Received 1 update(s). cV=03H8u9abP9oEQgV/eg/0IY.0;server=akswtt106000014;cloudType=Consumer;environment=Prod_southeastasia_prod-s01-064-apac-southeastasia;migrationStage=NotStarted}
{"logTime": "1104/124919", "correlationVector":"G33Zh2J+R7nwsaV/KAN0kl","action":"Initial GetUpdates", "result":"", "context":Reason: NEWLY_SUPPORTED_DATATYPE. cV=G33Zh2J+R7nwsaV/KAN0kl}
{"logTime": "1104/124919", "correlationVector":"G33Zh2J+R7nwsaV/KAN0kl.1","action":"SyncServerConnectionManagerRequest", "result":"SYNC_SERVER_OK", "context":{"environment":"Prod_southeastasia_prod-s01-064-apac-southeastasia", "migrationStage":"NotStarted", "server":"akswtt10600000j"}}
{"logTime": "1104/124919", "correlationVector":"G33Zh2J+R7nwsaV/KAN0kl.2","action":"ProcessGetUpdates", "result":"Done", "context":{"dataType":"Passwords", "deleted":"0", "process_failed_to_decrypt":"0", "process_pending_decryption":"0", "process_success":"56", "total":"56"}}
{"logTime": "1104/124919", "correlationVector":"G33Zh2J+R7nwsaV/KAN0kl.3","action":"GetUpdates Response", "result":"Success", "context":Received 56 update(s). cV=G33Zh2J+R7nwsaV/KAN0kl.0;server=akswtt10600000j;cloudType=Consumer;environment=Prod_southeastasia_prod-s01-064-apac-southeastasia;migrationStage=NotStarted}
{"logTime": "1104/124919", "correlationVector":"swWvCvkc1uUbC6G0E2/PFK","action":"Normal GetUpdate request", "result":"", "context":cV=swWvCvkc1uUbC6G0E2/PFK
Nudged types: Sessions, Device Info, History
Refresh requested types: Bookmarks, Preferences, Passwords, Autofill Profiles, Autofill, Extensions, Sessions, Extension settings, History Delete Directives, Device Info, User Consents, Send Tab To Self, Web Apps, History, Saved Tab Group, WebAuthn Credentials, Collection, Edge E Drop, Edge Hub App Usage, Edge Wallet, Encryption Keys}
{"logTime": "1104/124920", "correlationVector":"swWvCvkc1uUbC6G0E2/PFK.1","action":"SyncServerConnectionManagerRequest", "result":"SYNC_SERVER_OK", "context":{"environment":"Prod_southeastasia_prod-s01-064-apac-southeastasia", "migrationStage":"NotStarted", "server":"akswtt106000005"}}
{"logTime": "1104/124920", "correlationVector":"swWvCvkc1uUbC6G0E2/PFK.2","action":"ProcessGetUpdates", "result":"Done", "context":{"dataType":"Preferences", "deleted":"0", "process_failed_to_decrypt":"0", "process_pending_decryption":"0", "process_success":"1", "total":"1"}}
{"logTime": "1104/124920", "correlationVector":"swWvCvkc1uUbC6G0E2/PFK.3","action":"ProcessGetUpdates", "result":"Done", "context":{"dataType":"Sessions", "deleted":"0", "process_failed_to_decrypt":"0", "process_pending_decryption":"0", "process_success":"1", "total":"1"}}
{"logTime": "1104/124920", "correlationVector":"swWvCvkc1uUbC6G0E2/PFK.4","action":"ProcessGetUpdates", "result":"Done", "context":{"dataType":"History", "deleted":"0", "process_failed_to_decrypt":"0", "process_pending_decryption":"0", "process_success":"1", "total":"1"}}
{"logTime": "1104/124920", "correlationVector":"swWvCvkc1uUbC6G0E2/PFK.5","action":"GetUpdates Response", "result":"Success", "context":Received 3 update(s). cV=swWvCvkc1uUbC6G0E2/PFK.0;server=akswtt106000005;cloudType=Consumer;environment=Prod_southeastasia_prod-s01-064-apac-southeastasia;migrationStage=NotStarted}
{"logTime": "1104/124920", "correlationVector":"H/P1ObR0fOc0etPpM4P9+G","action":"Commit Request", "result":"", "context":Item count: 5
Contributing types: Sessions, Device Info, History}
{"logTime": "1104/124921", "correlationVector":"H/P1ObR0fOc0etPpM4P9+G.1","action":"SyncServerConnectionManagerRequest", "result":"SYNC_SERVER_OK", "context":{"environment":"Prod_southeastasia_prod-s01-064-apac-southeastasia", "migrationStage":"NotStarted", "server":"akswtt106000008"}}
{"logTime": "1104/124921", "correlationVector":"H/P1ObR0fOc0etPpM4P9+G.3","action":"Commit.Sessions", "result":"Success", "context":{"id":"fe9ebc6e-0def-4370-8bea-920fc7a19e45", "isDeleted":"true", "size":"0", "version":"1762260519393"}}
{"logTime": "1104/124921", "correlationVector":"H/P1ObR0fOc0etPpM4P9+G.2","action":"Commit Response", "result":"Success", "context":Result: Success. cV=H/P1ObR0fOc0etPpM4P9+G.0;server=akswtt106000008;cloudType=Consumer;environment=Prod_southeastasia_prod-s01-064-apac-southeastasia;migrationStage=NotStarted}
{"logTime": "1104/124923", "correlationVector":"gBBHoo6OFBw6vJAcuJ+4Mk","action":"Commit Request", "result":"", "context":Item count: 40
Contributing types: Passwords}
{"logTime": "1104/124927", "correlationVector":"gBBHoo6OFBw6vJAcuJ+4Mk.1","action":"SyncServerConnectionManagerRequest", "result":"SYNC_SERVER_OK", "context":{"environment":"Prod_southeastasia_prod-s01-064-apac-southeastasia", "migrationStage":"NotStarted", "server":"akswtt106000011"}}
{"logTime": "1104/124927", "correlationVector":"gBBHoo6OFBw6vJAcuJ+4Mk.2","action":"Commit Response", "result":"Success", "context":Result: Success. cV=gBBHoo6OFBw6vJAcuJ+4Mk.0;server=akswtt106000011;cloudType=Consumer;environment=Prod_southeastasia_prod-s01-064-apac-southeastasia;migrationStage=NotStarted}
{"logTime": "1104/124927", "correlationVector":"+iz7e+Jl1mGLbGwIDWEfoR","action":"Commit Request", "result":"", "context":Item count: 12
Contributing types: Preferences, Passwords, Sessions, History}
{"logTime": "1104/124929", "correlationVector":"+iz7e+Jl1mGLbGwIDWEfoR.1","action":"SyncServerConnectionManagerRequest", "result":"SYNC_SERVER_OK", "context":{"environment":"Prod_southeastasia_prod-s01-064-apac-southeastasia", "migrationStage":"NotStarted", "server":"akswtt106000015"}}
{"logTime": "1104/124929", "correlationVector":"+iz7e+Jl1mGLbGwIDWEfoR.2","action":"Commit Response", "result":"Success", "context":Result: Success. cV=+iz7e+Jl1mGLbGwIDWEfoR.0;server=akswtt106000015;cloudType=Consumer;environment=Prod_southeastasia_prod-s01-064-apac-southeastasia;migrationStage=NotStarted}
{"logTime": "1104/125122", "correlationVector":"2mXKFyvAhwdBE3q3/RPHBd","action":"Normal GetUpdate request", "result":"", "context":cV=2mXKFyvAhwdBE3q3/RPHBd
Notified types: History}
{"logTime": "1104/125122", "correlationVector":"2mXKFyvAhwdBE3q3/RPHBd.1","action":"SyncServerConnectionManagerRequest", "result":"SYNC_SERVER_OK", "context":{"environment":"Prod_southeastasia_prod-s01-064-apac-southeastasia", "migrationStage":"NotStarted", "server":"akswtt106000009"}}
{"logTime": "1104/125122", "correlationVector":"2mXKFyvAhwdBE3q3/RPHBd.2","action":"ProcessGetUpdates", "result":"Done", "context":{"dataType":"Preferences", "deleted":"0", "process_failed_to_decrypt":"0", "process_pending_decryption":"0", "process_success":"1", "total":"1"}}
{"logTime": "1104/125122", "correlationVector":"2mXKFyvAhwdBE3q3/RPHBd.3","action":"ProcessGetUpdates", "result":"Done", "context":{"dataType":"Passwords", "deleted":"0", "process_failed_to_decrypt":"0", "process_pending_decryption":"0", "process_success":"49", "total":"49"}}
{"logTime": "1104/125122", "correlationVector":"2mXKFyvAhwdBE3q3/RPHBd.4","action":"ProcessGetUpdates", "result":"Done", "context":{"dataType":"Sessions", "deleted":"1", "process_failed_to_decrypt":"0", "process_pending_decryption":"0", "process_success":"11", "total":"11"}}
{"logTime": "1104/125122", "correlationVector":"2mXKFyvAhwdBE3q3/RPHBd.5","action":"ProcessGetUpdates", "result":"Done", "context":{"dataType":"Device Info", "deleted":"0", "process_failed_to_decrypt":"0", "process_pending_decryption":"0", "process_success":"1", "total":"1"}}
{"logTime": "1104/125122", "correlationVector":"2mXKFyvAhwdBE3q3/RPHBd.6","action":"ProcessGetUpdates", "result":"Done", "context":{"dataType":"History", "deleted":"0", "process_failed_to_decrypt":"0", "process_pending_decryption":"0", "process_success":"10", "total":"10"}}
{"logTime": "1104/125122", "correlationVector":"2mXKFyvAhwdBE3q3/RPHBd.7","action":"GetUpdates Response", "result":"Success", "context":Received 72 update(s). cV=2mXKFyvAhwdBE3q3/RPHBd.0;server=akswtt106000009;cloudType=Consumer;environment=Prod_southeastasia_prod-s01-064-apac-southeastasia;migrationStage=NotStarted}
{"logTime": "1104/125301", "correlationVector":"PYlZImYoQn970PpNYOSpcX","action":"Normal GetUpdate request", "result":"", "context":cV=PYlZImYoQn970PpNYOSpcX
Notified types: History}
{"logTime": "1104/125302", "correlationVector":"PYlZImYoQn970PpNYOSpcX.1","action":"SyncServerConnectionManagerRequest", "result":"SYNC_SERVER_OK", "context":{"environment":"Prod_southeastasia_prod-s01-064-apac-southeastasia", "migrationStage":"NotStarted", "server":"akswtt106000001"}}
{"logTime": "1104/125302", "correlationVector":"PYlZImYoQn970PpNYOSpcX.2","action":"ProcessGetUpdates", "result":"Done", "context":{"dataType":"Sessions", "deleted":"2", "process_failed_to_decrypt":"0", "process_pending_decryption":"0", "process_success":"6", "total":"6"}}
{"logTime": "1104/125302", "correlationVector":"PYlZImYoQn970PpNYOSpcX.3","action":"ProcessGetUpdates", "result":"Done", "context":{"dataType":"History", "deleted":"0", "process_failed_to_decrypt":"0", "process_pending_decryption":"0", "process_success":"1", "total":"1"}}
{"logTime": "1104/125302", "correlationVector":"PYlZImYoQn970PpNYOSpcX.4","action":"GetUpdates Response", "result":"Success", "context":Received 7 update(s). cV=PYlZImYoQn970PpNYOSpcX.0;server=akswtt106000001;cloudType=Consumer;environment=Prod_southeastasia_prod-s01-064-apac-southeastasia;migrationStage=NotStarted}
{"logTime": "1104/125626", "correlationVector":"JEtKSlLYCx0r3I3xc/CV21.1","action":"SyncServerConnectionManagerRequest", "result":"SYNC_SERVER_OK", "context":{"environment":"Prod_southeastasia_prod-s01-064-apac-southeastasia", "migrationStage":"NotStarted", "server":"akswtt106000001"}}
{"logTime": "1104/125626", "correlationVector":"JEtKSlLYCx0r3I3xc/CV21.2","action":"ProcessGetUpdates", "result":"Done", "context":{"dataType":"Encryption Keys", "deleted":"0", "process_failed_to_decrypt":"0", "process_pending_decryption":"0", "process_success":"1", "total":"1"}}
{"logTime": "1104/125626", "correlationVector":"vH3SCmATT2bTcmSm1KqjZr","action":"SyncServerConnectionManagerRequest", "result":"SYNC_SERVER_OK", "context":{"environment":"", "migrationStage":"", "server":""}}
{"logTime": "1104/125626", "correlationVector":"vH3SCmATT2bTcmSm1KqjZr.0","action":"EncryptionKeysFetcher.DownloadKeys:", "result":"Success", "context":Key count: 6, Last key timestamp: 2025-08-28T14:27:03Z}
{"logTime": "1104/125626", "correlationVector":"vH3SCmATT2bTcmSm1KqjZr.1","action":"EncryptionKeysManager::SetEncryptionKeys:", "result":"Success", "context":Key names[6]:[ZqUyZsRUYOCuJrPCnuH7XqExVEY/tRMstQAAfrNcRm/cZChE3m7PMG7nXCtRRgg92FdVNvsWBy2S3aIWy1m6Pg==][y08mJStNdo/WjeKeNJdR1nzLOetyD01FpKsDOEdmJNwoh2xfZrTz7Q6QyNhOmV5+BhnskL+h0V+lMkl3Sd3zDw==][Loml7tkauVG3pXA7KjLUfHbKChEASbvRUYGwpMvSNTSraNYg4W2EcCnEhgU/KxIZVK3L/QzaTu7BUZncSKZTnw==][gm4TgNVqbRnp7y23rRVJAy0uNHnw+B4gnHS86SW/TXYxyIQcte/5gF3F1XHbp5Vj5TWj+aFUjP6dXJ5uI+7SEQ==][5+QmWy8gofbrrdFxHgbGQgWzpR45PWwlFHkN/IhbHuRr9b95QLCx1rrpCvDi7Cya42urWTtNvSgLTxE4UhYVWw==][7CImSsewaTUHUyULRE9QerZDc55GKTWi+2A8LfOtTKlF/huBtUF+BWORNeG6DKsQvE2yhaQt7zf4W06oJK0bZg==]}
{"logTime": "1104/125626", "correlationVector":"vH3SCmATT2bTcmSm1KqjZr.2","action":"EncryptionKeysManager::SetEncryptionKeysWithTimestamps:", "result":"Success", "context":Key timestamps[6]:[2023-08-10T14:18:08Z][2023-09-05T13:38:49Z][2024-03-03T15:43:32Z][2024-08-31T12:46:01Z][2025-02-28T06:56:24Z][2025-08-28T14:27:03Z]}
{"logTime": "1104/125626", "correlationVector":"JEtKSlLYCx0r3I3xc/CV21","action":"Initial GetUpdates", "result":"", "context":Reason: NEW_CLIENT. cV=JEtKSlLYCx0r3I3xc/CV21}
{"logTime": "1104/125626", "correlationVector":"JEtKSlLYCx0r3I3xc/CV21.3","action":"GetUpdates Response", "result":"Success", "context":Received 1 update(s). cV=JEtKSlLYCx0r3I3xc/CV21.0;server=akswtt106000001;cloudType=Consumer;environment=Prod_southeastasia_prod-s01-064-apac-southeastasia;migrationStage=NotStarted}
{"logTime": "1104/125626", "correlationVector":"RM2m5R3zubUFcxSQxFk/gC","action":"Initial GetUpdates", "result":"", "context":Reason: NEWLY_SUPPORTED_DATATYPE. cV=RM2m5R3zubUFcxSQxFk/gC}
{"logTime": "1104/125626", "correlationVector":"RM2m5R3zubUFcxSQxFk/gC.1","action":"SyncServerConnectionManagerRequest", "result":"SYNC_SERVER_OK", "context":{"environment":"Prod_southeastasia_prod-s01-064-apac-southeastasia", "migrationStage":"NotStarted", "server":"akswtt106000001"}}
{"logTime": "1104/125626", "correlationVector":"RM2m5R3zubUFcxSQxFk/gC.2","action":"ProcessGetUpdates", "result":"Done", "context":{"dataType":"Passwords", "deleted":"0", "process_failed_to_decrypt":"0", "process_pending_decryption":"0", "process_success":"56", "total":"56"}}
{"logTime": "1104/125626", "correlationVector":"RM2m5R3zubUFcxSQxFk/gC.3","action":"GetUpdates Response", "result":"Success", "context":Received 56 update(s). cV=RM2m5R3zubUFcxSQxFk/gC.0;server=akswtt106000001;cloudType=Consumer;environment=Prod_southeastasia_prod-s01-064-apac-southeastasia;migrationStage=NotStarted}
{"logTime": "1104/125626", "correlationVector":"bOCH3r2MMXb1lzz2Rq7b0K","action":"Normal GetUpdate request", "result":"", "context":cV=bOCH3r2MMXb1lzz2Rq7b0K
Nudged types: Sessions, Device Info, History
Refresh requested types: Bookmarks, Preferences, Passwords, Autofill Profiles, Autofill, Extensions, Sessions, Extension settings, History Delete Directives, Device Info, User Consents, Send Tab To Self, Web Apps, History, Saved Tab Group, WebAuthn Credentials, Collection, Edge E Drop, Edge Hub App Usage, Edge Wallet, Encryption Keys}
{"logTime": "1104/125627", "correlationVector":"bOCH3r2MMXb1lzz2Rq7b0K.1","action":"SyncServerConnectionManagerRequest", "result":"SYNC_SERVER_OK", "context":{"environment":"Prod_southeastasia_prod-s01-064-apac-southeastasia", "migrationStage":"NotStarted", "server":"akswtt106000008"}}
{"logTime": "1104/125627", "correlationVector":"bOCH3r2MMXb1lzz2Rq7b0K.2","action":"ProcessGetUpdates", "result":"Done", "context":{"dataType":"Sessions", "deleted":"0", "process_failed_to_decrypt":"0", "process_pending_decryption":"0", "process_success":"5", "total":"5"}}
{"logTime": "1104/125627", "correlationVector":"bOCH3r2MMXb1lzz2Rq7b0K.3","action":"ProcessGetUpdates", "result":"Done", "context":{"dataType":"History", "deleted":"0", "process_failed_to_decrypt":"0", "process_pending_decryption":"0", "process_success":"6", "total":"6"}}
{"logTime": "1104/125627", "correlationVector":"bOCH3r2MMXb1lzz2Rq7b0K.4","action":"GetUpdates Response", "result":"Success", "context":Received 11 update(s). cV=bOCH3r2MMXb1lzz2Rq7b0K.0;server=akswtt106000008;cloudType=Consumer;environment=Prod_southeastasia_prod-s01-064-apac-southeastasia;migrationStage=NotStarted}
{"logTime": "1104/125627", "correlationVector":"Pmuon3cv0R/Lbpn76yslZy","action":"Commit Request", "result":"", "context":Item count: 5
Contributing types: Sessions, Device Info, History}
{"logTime": "1104/125628", "correlationVector":"Pmuon3cv0R/Lbpn76yslZy.1","action":"SyncServerConnectionManagerRequest", "result":"SYNC_SERVER_OK", "context":{"environment":"Prod_southeastasia_prod-s01-064-apac-southeastasia", "migrationStage":"NotStarted", "server":"akswtt106000001"}}
{"logTime": "1104/125628", "correlationVector":"Pmuon3cv0R/Lbpn76yslZy.3","action":"Commit.Sessions", "result":"Success", "context":{"id":"9ca45866-db1f-4116-89c2-e65ab54a1a98", "isDeleted":"true", "size":"0", "version":"1762260567094"}}
{"logTime": "1104/125628", "correlationVector":"Pmuon3cv0R/Lbpn76yslZy.2","action":"Commit Response", "result":"Success", "context":Result: Success. cV=Pmuon3cv0R/Lbpn76yslZy.0;server=akswtt106000001;cloudType=Consumer;environment=Prod_southeastasia_prod-s01-064-apac-southeastasia;migrationStage=NotStarted}
{"logTime": "1104/125628", "correlationVector":"i+FlnvJ1vBe3YCt3irTr2o","action":"Commit Request", "result":"", "context":Item count: 1
Contributing types: Device Info}
{"logTime": "1104/125628", "correlationVector":"i+FlnvJ1vBe3YCt3irTr2o.1","action":"SyncServerConnectionManagerRequest", "result":"SYNC_SERVER_OK", "context":{"environment":"Prod_southeastasia_prod-s01-064-apac-southeastasia", "migrationStage":"NotStarted", "server":"akswtt10600000j"}}
{"logTime": "1104/125628", "correlationVector":"i+FlnvJ1vBe3YCt3irTr2o.2","action":"Commit Response", "result":"Success", "context":Result: Success. cV=i+FlnvJ1vBe3YCt3irTr2o.0;server=akswtt10600000j;cloudType=Consumer;environment=Prod_southeastasia_prod-s01-064-apac-southeastasia;migrationStage=NotStarted}
{"logTime": "1104/125630", "correlationVector":"4oy+ENzPk05tp3otcCEF6b","action":"Commit Request", "result":"", "context":Item count: 40
Contributing types: Passwords}
{"logTime": "1104/125634", "correlationVector":"4oy+ENzPk05tp3otcCEF6b.1","action":"SyncServerConnectionManagerRequest", "result":"SYNC_SERVER_OK", "context":{"environment":"Prod_southeastasia_prod-s01-064-apac-southeastasia", "migrationStage":"NotStarted", "server":"akswtt10600000k"}}
{"logTime": "1104/125634", "correlationVector":"4oy+ENzPk05tp3otcCEF6b.2","action":"Commit Response", "result":"Success", "context":Result: Success. cV=4oy+ENzPk05tp3otcCEF6b.0;server=akswtt10600000k;cloudType=Consumer;environment=Prod_southeastasia_prod-s01-064-apac-southeastasia;migrationStage=NotStarted}
{"logTime": "1104/125634", "correlationVector":"DpMKRS3cR3PvjsTJm9ldl1","action":"Commit Request", "result":"", "context":Item count: 12
Contributing types: Preferences, Passwords, Sessions, History}
{"logTime": "1104/125635", "correlationVector":"DpMKRS3cR3PvjsTJm9ldl1.1","action":"SyncServerConnectionManagerRequest", "result":"SYNC_SERVER_OK", "context":{"environment":"Prod_southeastasia_prod-s01-064-apac-southeastasia", "migrationStage":"NotStarted", "server":"akswtt106000000"}}
{"logTime": "1104/125635", "correlationVector":"DpMKRS3cR3PvjsTJm9ldl1.2","action":"Commit Response", "result":"Success", "context":Result: Success. cV=DpMKRS3cR3PvjsTJm9ldl1.0;server=akswtt106000000;cloudType=Consumer;environment=Prod_southeastasia_prod-s01-064-apac-southeastasia;migrationStage=NotStarted}
{"logTime": "1104/125727", "correlationVector":"oDG5gNmTtgtFXmHYkfZFKB.1","action":"SyncServerConnectionManagerRequest", "result":"SYNC_SERVER_OK", "context":{"environment":"Prod_southeastasia_prod-s01-064-apac-southeastasia", "migrationStage":"NotStarted", "server":"akswtt106000013"}}
{"logTime": "1104/125727", "correlationVector":"oDG5gNmTtgtFXmHYkfZFKB.2","action":"ProcessGetUpdates", "result":"Done", "context":{"dataType":"Encryption Keys", "deleted":"0", "process_failed_to_decrypt":"0", "process_pending_decryption":"0", "process_success":"1", "total":"1"}}
{"logTime": "1104/125728", "correlationVector":"S/sEAHHeii9d279+LMUXjm","action":"SyncServerConnectionManagerRequest", "result":"SYNC_SERVER_OK", "context":{"environment":"", "migrationStage":"", "server":""}}
{"logTime": "1104/125728", "correlationVector":"S/sEAHHeii9d279+LMUXjm.0","action":"EncryptionKeysFetcher.DownloadKeys:", "result":"Success", "context":Key count: 6, Last key timestamp: 2025-08-28T14:27:03Z}
{"logTime": "1104/125728", "correlationVector":"S/sEAHHeii9d279+LMUXjm.1","action":"EncryptionKeysManager::SetEncryptionKeys:", "result":"Success", "context":Key names[6]:[ZqUyZsRUYOCuJrPCnuH7XqExVEY/tRMstQAAfrNcRm/cZChE3m7PMG7nXCtRRgg92FdVNvsWBy2S3aIWy1m6Pg==][y08mJStNdo/WjeKeNJdR1nzLOetyD01FpKsDOEdmJNwoh2xfZrTz7Q6QyNhOmV5+BhnskL+h0V+lMkl3Sd3zDw==][Loml7tkauVG3pXA7KjLUfHbKChEASbvRUYGwpMvSNTSraNYg4W2EcCnEhgU/KxIZVK3L/QzaTu7BUZncSKZTnw==][gm4TgNVqbRnp7y23rRVJAy0uNHnw+B4gnHS86SW/TXYxyIQcte/5gF3F1XHbp5Vj5TWj+aFUjP6dXJ5uI+7SEQ==][5+QmWy8gofbrrdFxHgbGQgWzpR45PWwlFHkN/IhbHuRr9b95QLCx1rrpCvDi7Cya42urWTtNvSgLTxE4UhYVWw==][7CImSsewaTUHUyULRE9QerZDc55GKTWi+2A8LfOtTKlF/huBtUF+BWORNeG6DKsQvE2yhaQt7zf4W06oJK0bZg==]}
{"logTime": "1104/125728", "correlationVector":"S/sEAHHeii9d279+LMUXjm.2","action":"EncryptionKeysManager::SetEncryptionKeysWithTimestamps:", "result":"Success", "context":Key timestamps[6]:[2023-08-10T14:18:08Z][2023-09-05T13:38:49Z][2024-03-03T15:43:32Z][2024-08-31T12:46:01Z][2025-02-28T06:56:24Z][2025-08-28T14:27:03Z]}
{"logTime": "1104/125728", "correlationVector":"oDG5gNmTtgtFXmHYkfZFKB","action":"Initial GetUpdates", "result":"", "context":Reason: NEW_CLIENT. cV=oDG5gNmTtgtFXmHYkfZFKB}
{"logTime": "1104/125728", "correlationVector":"oDG5gNmTtgtFXmHYkfZFKB.3","action":"GetUpdates Response", "result":"Success", "context":Received 1 update(s). cV=oDG5gNmTtgtFXmHYkfZFKB.0;server=akswtt106000013;cloudType=Consumer;environment=Prod_southeastasia_prod-s01-064-apac-southeastasia;migrationStage=NotStarted}
{"logTime": "1104/125728", "correlationVector":"1A2YDz8NOBSqegG7cfcGzs","action":"Initial GetUpdates", "result":"", "context":Reason: NEWLY_SUPPORTED_DATATYPE. cV=1A2YDz8NOBSqegG7cfcGzs}
{"logTime": "1104/125728", "correlationVector":"1A2YDz8NOBSqegG7cfcGzs.1","action":"SyncServerConnectionManagerRequest", "result":"SYNC_SERVER_OK", "context":{"environment":"Prod_southeastasia_prod-s01-064-apac-southeastasia", "migrationStage":"NotStarted", "server":"akswtt106000002"}}
{"logTime": "1104/125728", "correlationVector":"1A2YDz8NOBSqegG7cfcGzs.2","action":"ProcessGetUpdates", "result":"Done", "context":{"dataType":"Passwords", "deleted":"0", "process_failed_to_decrypt":"0", "process_pending_decryption":"0", "process_success":"56", "total":"56"}}
{"logTime": "1104/125728", "correlationVector":"1A2YDz8NOBSqegG7cfcGzs.3","action":"GetUpdates Response", "result":"Success", "context":Received 56 update(s). cV=1A2YDz8NOBSqegG7cfcGzs.0;server=akswtt106000002;cloudType=Consumer;environment=Prod_southeastasia_prod-s01-064-apac-southeastasia;migrationStage=NotStarted}
{"logTime": "1104/125728", "correlationVector":"ktQHu8Lny63DiOH5o2BiOQ","action":"Normal GetUpdate request", "result":"", "context":cV=ktQHu8Lny63DiOH5o2BiOQ
Nudged types: Sessions, Device Info, History
Refresh requested types: Bookmarks, Preferences, Passwords, Autofill Profiles, Autofill, Extensions, Sessions, Extension settings, History Delete Directives, Device Info, User Consents, Send Tab To Self, Web Apps, History, Saved Tab Group, WebAuthn Credentials, Collection, Edge E Drop, Edge Hub App Usage, Edge Wallet, Encryption Keys}
{"logTime": "1104/125728", "correlationVector":"ktQHu8Lny63DiOH5o2BiOQ.1","action":"SyncServerConnectionManagerRequest", "result":"SYNC_SERVER_OK", "context":{"environment":"Prod_southeastasia_prod-s01-064-apac-southeastasia", "migrationStage":"NotStarted", "server":"akswtt106000002"}}
{"logTime": "1104/125728", "correlationVector":"ktQHu8Lny63DiOH5o2BiOQ.2","action":"ProcessGetUpdates", "result":"Done", "context":{"dataType":"Preferences", "deleted":"0", "process_failed_to_decrypt":"0", "process_pending_decryption":"0", "process_success":"1", "total":"1"}}
{"logTime": "1104/125728", "correlationVector":"ktQHu8Lny63DiOH5o2BiOQ.3","action":"ProcessGetUpdates", "result":"Done", "context":{"dataType":"Sessions", "deleted":"1", "process_failed_to_decrypt":"0", "process_pending_decryption":"0", "process_success":"3", "total":"3"}}
{"logTime": "1104/125728", "correlationVector":"ktQHu8Lny63DiOH5o2BiOQ.4","action":"ProcessGetUpdates", "result":"Done", "context":{"dataType":"Device Info", "deleted":"0", "process_failed_to_decrypt":"0", "process_pending_decryption":"0", "process_success":"1", "total":"1"}}
{"logTime": "1104/125728", "correlationVector":"ktQHu8Lny63DiOH5o2BiOQ.5","action":"ProcessGetUpdates", "result":"Done", "context":{"dataType":"History", "deleted":"0", "process_failed_to_decrypt":"0", "process_pending_decryption":"0", "process_success":"2", "total":"2"}}
{"logTime": "1104/125728", "correlationVector":"ktQHu8Lny63DiOH5o2BiOQ.6","action":"GetUpdates Response", "result":"Success", "context":Received 7 update(s). cV=ktQHu8Lny63DiOH5o2BiOQ.0;server=akswtt106000002;cloudType=Consumer;environment=Prod_southeastasia_prod-s01-064-apac-southeastasia;migrationStage=NotStarted}
{"logTime": "1104/125728", "correlationVector":"20RuLFQIjgBjTOHLzyqYoB","action":"Commit Request", "result":"", "context":Item count: 5
Contributing types: Sessions, Device Info, History}
{"logTime": "1104/125729", "correlationVector":"20RuLFQIjgBjTOHLzyqYoB.1","action":"SyncServerConnectionManagerRequest", "result":"SYNC_SERVER_OK", "context":{"environment":"Prod_southeastasia_prod-s01-064-apac-southeastasia", "migrationStage":"NotStarted", "server":"akswtt10600000q"}}
{"logTime": "1104/125729", "correlationVector":"20RuLFQIjgBjTOHLzyqYoB.2","action":"Commit Response", "result":"Success", "context":Result: Success. cV=20RuLFQIjgBjTOHLzyqYoB.0;server=akswtt10600000q;cloudType=Consumer;environment=Prod_southeastasia_prod-s01-064-apac-southeastasia;migrationStage=NotStarted}
{"logTime": "1104/125729", "correlationVector":"20RuLFQIjgBjTOHLzyqYoB.3","action":"Commit.Sessions", "result":"Success", "context":{"id":"cf66c13a-95e1-4f9e-baac-8e6e2e002c5f", "isDeleted":"true", "size":"0", "version":"1762260993370"}}
{"logTime": "1104/125732", "correlationVector":"RlxO/PBD9FkW40H2lZuqrI","action":"Commit Request", "result":"", "context":Item count: 40
Contributing types: Passwords}
{"logTime": "1104/125735", "correlationVector":"RlxO/PBD9FkW40H2lZuqrI.1","action":"SyncServerConnectionManagerRequest", "result":"SYNC_SERVER_OK", "context":{"environment":"Prod_southeastasia_prod-s01-064-apac-southeastasia", "migrationStage":"NotStarted", "server":"akswtt10600000k"}}
{"logTime": "1104/125735", "correlationVector":"RlxO/PBD9FkW40H2lZuqrI.2","action":"Commit Response", "result":"Success", "context":Result: Success. cV=RlxO/PBD9FkW40H2lZuqrI.0;server=akswtt10600000k;cloudType=Consumer;environment=Prod_southeastasia_prod-s01-064-apac-southeastasia;migrationStage=NotStarted}
{"logTime": "1104/125735", "correlationVector":"KGpOlShUKU+AOC9k67Bgms","action":"Commit Request", "result":"", "context":Item count: 12
Contributing types: Preferences, Passwords, Sessions, History}
{"logTime": "1104/125736", "correlationVector":"KGpOlShUKU+AOC9k67Bgms.1","action":"SyncServerConnectionManagerRequest", "result":"SYNC_SERVER_OK", "context":{"environment":"Prod_southeastasia_prod-s01-064-apac-southeastasia", "migrationStage":"NotStarted", "server":"akswtt106000008"}}
{"logTime": "1104/125736", "correlationVector":"KGpOlShUKU+AOC9k67Bgms.2","action":"Commit Response", "result":"Success", "context":Result: Success. cV=KGpOlShUKU+AOC9k67Bgms.0;server=akswtt106000008;cloudType=Consumer;environment=Prod_southeastasia_prod-s01-064-apac-southeastasia;migrationStage=NotStarted}
{"logTime": "1104/125934", "correlationVector":"qvkntL7j41FJfHhPfU5ykH.1","action":"SyncServerConnectionManagerRequest", "result":"SYNC_SERVER_OK", "context":{"environment":"Prod_southeastasia_prod-s01-064-apac-southeastasia", "migrationStage":"NotStarted", "server":"akswtt10600000g"}}
{"logTime": "1104/125934", "correlationVector":"qvkntL7j41FJfHhPfU5ykH.2","action":"ProcessGetUpdates", "result":"Done", "context":{"dataType":"Encryption Keys", "deleted":"0", "process_failed_to_decrypt":"0", "process_pending_decryption":"0", "process_success":"1", "total":"1"}}
{"logTime": "1104/125934", "correlationVector":"RK9FV+2CB/EEC5r2YUjGTN","action":"SyncServerConnectionManagerRequest", "result":"SYNC_SERVER_OK", "context":{"environment":"", "migrationStage":"", "server":""}}
{"logTime": "1104/125934", "correlationVector":"RK9FV+2CB/EEC5r2YUjGTN.0","action":"EncryptionKeysFetcher.DownloadKeys:", "result":"Success", "context":Key count: 6, Last key timestamp: 2025-08-28T14:27:03Z}
{"logTime": "1104/125934", "correlationVector":"RK9FV+2CB/EEC5r2YUjGTN.1","action":"EncryptionKeysManager::SetEncryptionKeys:", "result":"Success", "context":Key names[6]:[ZqUyZsRUYOCuJrPCnuH7XqExVEY/tRMstQAAfrNcRm/cZChE3m7PMG7nXCtRRgg92FdVNvsWBy2S3aIWy1m6Pg==][y08mJStNdo/WjeKeNJdR1nzLOetyD01FpKsDOEdmJNwoh2xfZrTz7Q6QyNhOmV5+BhnskL+h0V+lMkl3Sd3zDw==][Loml7tkauVG3pXA7KjLUfHbKChEASbvRUYGwpMvSNTSraNYg4W2EcCnEhgU/KxIZVK3L/QzaTu7BUZncSKZTnw==][gm4TgNVqbRnp7y23rRVJAy0uNHnw+B4gnHS86SW/TXYxyIQcte/5gF3F1XHbp5Vj5TWj+aFUjP6dXJ5uI+7SEQ==][5+QmWy8gofbrrdFxHgbGQgWzpR45PWwlFHkN/IhbHuRr9b95QLCx1rrpCvDi7Cya42urWTtNvSgLTxE4UhYVWw==][7CImSsewaTUHUyULRE9QerZDc55GKTWi+2A8LfOtTKlF/huBtUF+BWORNeG6DKsQvE2yhaQt7zf4W06oJK0bZg==]}
{"logTime": "1104/125934", "correlationVector":"RK9FV+2CB/EEC5r2YUjGTN.2","action":"EncryptionKeysManager::SetEncryptionKeysWithTimestamps:", "result":"Success", "context":Key timestamps[6]:[2023-08-10T14:18:08Z][2023-09-05T13:38:49Z][2024-03-03T15:43:32Z][2024-08-31T12:46:01Z][2025-02-28T06:56:24Z][2025-08-28T14:27:03Z]}
{"logTime": "1104/125934", "correlationVector":"qvkntL7j41FJfHhPfU5ykH","action":"Initial GetUpdates", "result":"", "context":Reason: NEW_CLIENT. cV=qvkntL7j41FJfHhPfU5ykH}
{"logTime": "1104/125934", "correlationVector":"qvkntL7j41FJfHhPfU5ykH.3","action":"GetUpdates Response", "result":"Success", "context":Received 1 update(s). cV=qvkntL7j41FJfHhPfU5ykH.0;server=akswtt10600000g;cloudType=Consumer;environment=Prod_southeastasia_prod-s01-064-apac-southeastasia;migrationStage=NotStarted}
{"logTime": "1104/125934", "correlationVector":"Rr7XIhEqiZlbTffUHBR7cs","action":"Initial GetUpdates", "result":"", "context":Reason: NEWLY_SUPPORTED_DATATYPE. cV=Rr7XIhEqiZlbTffUHBR7cs}
{"logTime": "1104/125934", "correlationVector":"Rr7XIhEqiZlbTffUHBR7cs.1","action":"SyncServerConnectionManagerRequest", "result":"SYNC_SERVER_OK", "context":{"environment":"Prod_southeastasia_prod-s01-064-apac-southeastasia", "migrationStage":"NotStarted", "server":"akswtt106000018"}}
{"logTime": "1104/125934", "correlationVector":"Rr7XIhEqiZlbTffUHBR7cs.2","action":"ProcessGetUpdates", "result":"Done", "context":{"dataType":"Passwords", "deleted":"0", "process_failed_to_decrypt":"0", "process_pending_decryption":"0", "process_success":"56", "total":"56"}}
{"logTime": "1104/125934", "correlationVector":"Rr7XIhEqiZlbTffUHBR7cs.3","action":"GetUpdates Response", "result":"Success", "context":Received 56 update(s). cV=Rr7XIhEqiZlbTffUHBR7cs.0;server=akswtt106000018;cloudType=Consumer;environment=Prod_southeastasia_prod-s01-064-apac-southeastasia;migrationStage=NotStarted}
{"logTime": "1104/125934", "correlationVector":"jh5Td0qsAi8OZlvNAtP4sw","action":"Normal GetUpdate request", "result":"", "context":cV=jh5Td0qsAi8OZlvNAtP4sw
Nudged types: Sessions, Device Info, History
Refresh requested types: Bookmarks, Preferences, Passwords, Autofill Profiles, Autofill, Extensions, Sessions, Extension settings, History Delete Directives, Device Info, User Consents, Send Tab To Self, Web Apps, History, Saved Tab Group, WebAuthn Credentials, Collection, Edge E Drop, Edge Hub App Usage, Edge Wallet, Encryption Keys}
{"logTime": "1104/125935", "correlationVector":"jh5Td0qsAi8OZlvNAtP4sw.1","action":"SyncServerConnectionManagerRequest", "result":"SYNC_SERVER_OK", "context":{"environment":"Prod_southeastasia_prod-s01-064-apac-southeastasia", "migrationStage":"NotStarted", "server":"akswtt106000010"}}
{"logTime": "1104/125935", "correlationVector":"jh5Td0qsAi8OZlvNAtP4sw.2","action":"ProcessGetUpdates", "result":"Done", "context":{"dataType":"Preferences", "deleted":"0", "process_failed_to_decrypt":"0", "process_pending_decryption":"0", "process_success":"1", "total":"1"}}
{"logTime": "1104/125935", "correlationVector":"jh5Td0qsAi8OZlvNAtP4sw.3","action":"ProcessGetUpdates", "result":"Done", "context":{"dataType":"Sessions", "deleted":"1", "process_failed_to_decrypt":"0", "process_pending_decryption":"0", "process_success":"3", "total":"3"}}
{"logTime": "1104/125935", "correlationVector":"jh5Td0qsAi8OZlvNAtP4sw.4","action":"ProcessGetUpdates", "result":"Done", "context":{"dataType":"Device Info", "deleted":"0", "process_failed_to_decrypt":"0", "process_pending_decryption":"0", "process_success":"1", "total":"1"}}
{"logTime": "1104/125935", "correlationVector":"jh5Td0qsAi8OZlvNAtP4sw.5","action":"ProcessGetUpdates", "result":"Done", "context":{"dataType":"History", "deleted":"0", "process_failed_to_decrypt":"0", "process_pending_decryption":"0", "process_success":"2", "total":"2"}}
{"logTime": "1104/125935", "correlationVector":"jh5Td0qsAi8OZlvNAtP4sw.6","action":"GetUpdates Response", "result":"Success", "context":Received 7 update(s). cV=jh5Td0qsAi8OZlvNAtP4sw.0;server=akswtt106000010;cloudType=Consumer;environment=Prod_southeastasia_prod-s01-064-apac-southeastasia;migrationStage=NotStarted}
{"logTime": "1104/125935", "correlationVector":"SV/EnegBjND4lZtA/Qc3BH","action":"Commit Request", "result":"", "context":Item count: 5
Contributing types: Sessions, Device Info, History}
{"logTime": "1104/125936", "correlationVector":"SV/EnegBjND4lZtA/Qc3BH.1","action":"SyncServerConnectionManagerRequest", "result":"SYNC_SERVER_OK", "context":{"environment":"Prod_southeastasia_prod-s01-064-apac-southeastasia", "migrationStage":"NotStarted", "server":"akswtt106000002"}}
{"logTime": "1104/125936", "correlationVector":"SV/EnegBjND4lZtA/Qc3BH.2","action":"Commit Response", "result":"Success", "context":Result: Success. cV=SV/EnegBjND4lZtA/Qc3BH.0;server=akswtt106000002;cloudType=Consumer;environment=Prod_southeastasia_prod-s01-064-apac-southeastasia;migrationStage=NotStarted}
{"logTime": "1104/125936", "correlationVector":"SV/EnegBjND4lZtA/Qc3BH.3","action":"Commit.Sessions", "result":"Success", "context":{"id":"3456d9ac-b469-4b44-b8b4-27969dd2ca1a", "isDeleted":"true", "size":"0", "version":"1762261054659"}}
{"logTime": "1104/125936", "correlationVector":"SJvMHpRGA+7/zPJcWCRQrC","action":"Commit Request", "result":"", "context":Item count: 2
Contributing types: Sessions, History}
{"logTime": "1104/125937", "correlationVector":"SJvMHpRGA+7/zPJcWCRQrC.1","action":"SyncServerConnectionManagerRequest", "result":"SYNC_SERVER_OK", "context":{"environment":"Prod_southeastasia_prod-s01-064-apac-southeastasia", "migrationStage":"NotStarted", "server":"akswtt10600000l"}}
{"logTime": "1104/125937", "correlationVector":"SJvMHpRGA+7/zPJcWCRQrC.2","action":"Commit Response", "result":"Success", "context":Result: Success. cV=SJvMHpRGA+7/zPJcWCRQrC.0;server=akswtt10600000l;cloudType=Consumer;environment=Prod_southeastasia_prod-s01-064-apac-southeastasia;migrationStage=NotStarted}
{"logTime": "1104/125938", "correlationVector":"AxRhxTj+NJuwiMm7q0rlfn","action":"Commit Request", "result":"", "context":Item count: 40
Contributing types: Passwords}
{"logTime": "1104/125941", "correlationVector":"AxRhxTj+NJuwiMm7q0rlfn.1","action":"SyncServerConnectionManagerRequest", "result":"SYNC_SERVER_OK", "context":{"environment":"Prod_southeastasia_prod-s01-064-apac-southeastasia", "migrationStage":"NotStarted", "server":"akswtt10600001h"}}
{"logTime": "1104/125941", "correlationVector":"AxRhxTj+NJuwiMm7q0rlfn.2","action":"Commit Response", "result":"Success", "context":Result: Success. cV=AxRhxTj+NJuwiMm7q0rlfn.0;server=akswtt10600001h;cloudType=Consumer;environment=Prod_southeastasia_prod-s01-064-apac-southeastasia;migrationStage=NotStarted}
{"logTime": "1104/125941", "correlationVector":"/SnJ0W0b0eL2fckSzIC6yJ","action":"Commit Request", "result":"", "context":Item count: 10
Contributing types: Preferences, Passwords}
{"logTime": "1104/125942", "correlationVector":"/SnJ0W0b0eL2fckSzIC6yJ.1","action":"SyncServerConnectionManagerRequest", "result":"SYNC_SERVER_OK", "context":{"environment":"Prod_southeastasia_prod-s01-064-apac-southeastasia", "migrationStage":"NotStarted", "server":"akswtt10600001k"}}
{"logTime": "1104/125942", "correlationVector":"/SnJ0W0b0eL2fckSzIC6yJ.2","action":"Commit Response", "result":"Success", "context":Result: Success. cV=/SnJ0W0b0eL2fckSzIC6yJ.0;server=akswtt10600001k;cloudType=Consumer;environment=Prod_southeastasia_prod-s01-064-apac-southeastasia;migrationStage=NotStarted}
{"logTime": "1106/020936", "correlationVector":"EsmXYoQuUSMOfsQYqycsl8.1","action":"SyncServerConnectionManagerRequest", "result":"SYNC_SERVER_OK", "context":{"environment":"Prod_southeastasia_prod-s01-065-apac-southeastasia", "migrationStage":"NotStarted", "server":"akswtt10600000o"}}
{"logTime": "1106/020936", "correlationVector":"EsmXYoQuUSMOfsQYqycsl8.2","action":"ProcessGetUpdates", "result":"Done", "context":{"dataType":"Encryption Keys", "deleted":"0", "process_failed_to_decrypt":"0", "process_pending_decryption":"0", "process_success":"1", "total":"1"}}
{"logTime": "1106/020937", "correlationVector":"oIFg+g7UjXgIYvugiajjQD","action":"SyncServerConnectionManagerRequest", "result":"SYNC_SERVER_OK", "context":{"environment":"", "migrationStage":"", "server":""}}
{"logTime": "1106/020937", "correlationVector":"oIFg+g7UjXgIYvugiajjQD.0","action":"EncryptionKeysFetcher.DownloadKeys:", "result":"Success", "context":Key count: 6, Last key timestamp: 2025-08-28T14:27:03Z}
{"logTime": "1106/020937", "correlationVector":"oIFg+g7UjXgIYvugiajjQD.1","action":"EncryptionKeysManager::SetEncryptionKeys:", "result":"Success", "context":Key names[6]:[ZqUyZsRUYOCuJrPCnuH7XqExVEY/tRMstQAAfrNcRm/cZChE3m7PMG7nXCtRRgg92FdVNvsWBy2S3aIWy1m6Pg==][y08mJStNdo/WjeKeNJdR1nzLOetyD01FpKsDOEdmJNwoh2xfZrTz7Q6QyNhOmV5+BhnskL+h0V+lMkl3Sd3zDw==][Loml7tkauVG3pXA7KjLUfHbKChEASbvRUYGwpMvSNTSraNYg4W2EcCnEhgU/KxIZVK3L/QzaTu7BUZncSKZTnw==][gm4TgNVqbRnp7y23rRVJAy0uNHnw+B4gnHS86SW/TXYxyIQcte/5gF3F1XHbp5Vj5TWj+aFUjP6dXJ5uI+7SEQ==][5+QmWy8gofbrrdFxHgbGQgWzpR45PWwlFHkN/IhbHuRr9b95QLCx1rrpCvDi7Cya42urWTtNvSgLTxE4UhYVWw==][7CImSsewaTUHUyULRE9QerZDc55GKTWi+2A8LfOtTKlF/huBtUF+BWORNeG6DKsQvE2yhaQt7zf4W06oJK0bZg==]}
{"logTime": "1106/020937", "correlationVector":"oIFg+g7UjXgIYvugiajjQD.2","action":"EncryptionKeysManager::SetEncryptionKeysWithTimestamps:", "result":"Success", "context":Key timestamps[6]:[2023-08-10T14:18:08Z][2023-09-05T13:38:49Z][2024-03-03T15:43:32Z][2024-08-31T12:46:01Z][2025-02-28T06:56:24Z][2025-08-28T14:27:03Z]}
{"logTime": "1106/020937", "correlationVector":"EsmXYoQuUSMOfsQYqycsl8","action":"Initial GetUpdates", "result":"", "context":Reason: NEW_CLIENT. cV=EsmXYoQuUSMOfsQYqycsl8}
{"logTime": "1106/020937", "correlationVector":"EsmXYoQuUSMOfsQYqycsl8.3","action":"GetUpdates Response", "result":"Success", "context":Received 1 update(s). cV=EsmXYoQuUSMOfsQYqycsl8.0;server=akswtt10600000o;cloudType=Consumer;environment=Prod_southeastasia_prod-s01-065-apac-southeastasia;migrationStage=NotStarted}
{"logTime": "1106/020937", "correlationVector":"yy1j3Rca1Zqju1PPdh0OJ+","action":"Initial GetUpdates", "result":"", "context":Reason: NEWLY_SUPPORTED_DATATYPE. cV=yy1j3Rca1Zqju1PPdh0OJ+}
{"logTime": "1106/020937", "correlationVector":"yy1j3Rca1Zqju1PPdh0OJ+.1","action":"SyncServerConnectionManagerRequest", "result":"SYNC_SERVER_OK", "context":{"environment":"Prod_southeastasia_prod-s01-065-apac-southeastasia", "migrationStage":"NotStarted", "server":"akswtt10600000j"}}
{"logTime": "1106/020937", "correlationVector":"yy1j3Rca1Zqju1PPdh0OJ+.2","action":"ProcessGetUpdates", "result":"Done", "context":{"dataType":"Passwords", "deleted":"0", "process_failed_to_decrypt":"0", "process_pending_decryption":"0", "process_success":"61", "total":"61"}}
{"logTime": "1106/020937", "correlationVector":"yy1j3Rca1Zqju1PPdh0OJ+.3","action":"GetUpdates Response", "result":"Success", "context":Received 61 update(s). cV=yy1j3Rca1Zqju1PPdh0OJ+.0;server=akswtt10600000j;cloudType=Consumer;environment=Prod_southeastasia_prod-s01-065-apac-southeastasia;migrationStage=NotStarted}
{"logTime": "1106/020937", "correlationVector":"+rievPiRj6vy60bupYDGDS","action":"Normal GetUpdate request", "result":"", "context":cV=+rievPiRj6vy60bupYDGDS
Nudged types: Sessions, Device Info, History
Refresh requested types: Bookmarks, Preferences, Passwords, Autofill Profiles, Autofill, Extensions, Sessions, Extension settings, History Delete Directives, Device Info, User Consents, Send Tab To Self, Web Apps, History, Saved Tab Group, WebAuthn Credentials, Collection, Edge E Drop, Edge Hub App Usage, Edge Wallet, Encryption Keys}
{"logTime": "1106/020939", "correlationVector":"+rievPiRj6vy60bupYDGDS.1","action":"SyncServerConnectionManagerRequest", "result":"SYNC_SERVER_OK", "context":{"environment":"Prod_southeastasia_prod-s01-065-apac-southeastasia", "migrationStage":"NotStarted", "server":"akswtt10600000f"}}
{"logTime": "1106/020939", "correlationVector":"+rievPiRj6vy60bupYDGDS.2","action":"ProcessGetUpdates", "result":"Done", "context":{"dataType":"Preferences", "deleted":"0", "process_failed_to_decrypt":"0", "process_pending_decryption":"0", "process_success":"2", "total":"2"}}
{"logTime": "1106/020939", "correlationVector":"+rievPiRj6vy60bupYDGDS.3","action":"ProcessGetUpdates", "result":"Done", "context":{"dataType":"Autofill Profiles", "deleted":"0", "process_failed_to_decrypt":"0", "process_pending_decryption":"0", "process_success":"1", "total":"1"}}
{"logTime": "1106/020939", "correlationVector":"+rievPiRj6vy60bupYDGDS.4","action":"ProcessGetUpdates", "result":"Done", "context":{"dataType":"Autofill", "deleted":"0", "process_failed_to_decrypt":"0", "process_pending_decryption":"0", "process_success":"2", "total":"2"}}
{"logTime": "1106/020939", "correlationVector":"+rievPiRj6vy60bupYDGDS.5","action":"ProcessGetUpdates", "result":"Done", "context":{"dataType":"Sessions", "deleted":"38", "process_failed_to_decrypt":"0", "process_pending_decryption":"0", "process_success":"41", "total":"41"}}
{"logTime": "1106/020939", "correlationVector":"+rievPiRj6vy60bupYDGDS.6","action":"ProcessGetUpdates", "result":"Done", "context":{"dataType":"Device Info", "deleted":"0", "process_failed_to_decrypt":"0", "process_pending_decryption":"0", "process_success":"2", "total":"2"}}
{"logTime": "1106/020939", "correlationVector":"+rievPiRj6vy60bupYDGDS.7","action":"ProcessGetUpdates", "result":"Done", "context":{"dataType":"History", "deleted":"0", "process_failed_to_decrypt":"0", "process_pending_decryption":"0", "process_success":"250", "total":"250"}}
{"logTime": "1106/020939", "correlationVector":"+rievPiRj6vy60bupYDGDS.8","action":"GetUpdates Response", "result":"Success", "context":Received 298 update(s). cV=+rievPiRj6vy60bupYDGDS.0;server=akswtt10600000f;cloudType=Consumer;environment=Prod_southeastasia_prod-s01-065-apac-southeastasia;migrationStage=NotStarted Some updates remain.}
{"logTime": "1106/020939", "correlationVector":"9OdKxgbVLjbtY94RvxdFls","action":"Normal GetUpdate request", "result":"", "context":cV=9OdKxgbVLjbtY94RvxdFls
Nudged types: Sessions, Device Info, History
Refresh requested types: Bookmarks, Preferences, Passwords, Autofill Profiles, Autofill, Extensions, Sessions, Extension settings, History Delete Directives, Device Info, User Consents, Send Tab To Self, Web Apps, History, Saved Tab Group, WebAuthn Credentials, Collection, Edge E Drop, Edge Hub App Usage, Edge Wallet, Encryption Keys}
{"logTime": "1106/020939", "correlationVector":"9OdKxgbVLjbtY94RvxdFls.1","action":"SyncServerConnectionManagerRequest", "result":"SYNC_SERVER_OK", "context":{"environment":"Prod_southeastasia_prod-s01-065-apac-southeastasia", "migrationStage":"NotStarted", "server":"akswtt10600001v"}}
{"logTime": "1106/020939", "correlationVector":"9OdKxgbVLjbtY94RvxdFls.2","action":"ProcessGetUpdates", "result":"Done", "context":{"dataType":"Preferences", "deleted":"0", "process_failed_to_decrypt":"0", "process_pending_decryption":"0", "process_success":"4", "total":"4"}}
{"logTime": "1106/020939", "correlationVector":"9OdKxgbVLjbtY94RvxdFls.3","action":"ProcessGetUpdates", "result":"Done", "context":{"dataType":"Autofill", "deleted":"0", "process_failed_to_decrypt":"0", "process_pending_decryption":"0", "process_success":"2", "total":"2"}}
{"logTime": "1106/020939", "correlationVector":"9OdKxgbVLjbtY94RvxdFls.4","action":"ProcessGetUpdates", "result":"Done", "context":{"dataType":"Extensions", "deleted":"0", "process_failed_to_decrypt":"0", "process_pending_decryption":"0", "process_success":"1", "total":"1"}}
{"logTime": "1106/020939", "correlationVector":"9OdKxgbVLjbtY94RvxdFls.5","action":"ProcessGetUpdates", "result":"Done", "context":{"dataType":"Sessions", "deleted":"14", "process_failed_to_decrypt":"0", "process_pending_decryption":"0", "process_success":"21", "total":"21"}}
{"logTime": "1106/020939", "correlationVector":"9OdKxgbVLjbtY94RvxdFls.6","action":"ProcessGetUpdates", "result":"Done", "context":{"dataType":"History", "deleted":"0", "process_failed_to_decrypt":"0", "process_pending_decryption":"0", "process_success":"84", "total":"84"}}
{"logTime": "1106/020939", "correlationVector":"9OdKxgbVLjbtY94RvxdFls.7","action":"GetUpdates Response", "result":"Success", "context":Received 112 update(s). cV=9OdKxgbVLjbtY94RvxdFls.0;server=akswtt10600001v;cloudType=Consumer;environment=Prod_southeastasia_prod-s01-065-apac-southeastasia;migrationStage=NotStarted}
{"logTime": "1106/020939", "correlationVector":"nqTghfnxu9haoHlZaOaTKX","action":"Commit Request", "result":"", "context":Item count: 5
Contributing types: Sessions, Device Info, History}
{"logTime": "1106/020940", "correlationVector":"nqTghfnxu9haoHlZaOaTKX.1","action":"SyncServerConnectionManagerRequest", "result":"SYNC_SERVER_OK", "context":{"environment":"Prod_southeastasia_prod-s01-065-apac-southeastasia", "migrationStage":"NotStarted", "server":"akswtt10600000k"}}
{"logTime": "1106/020940", "correlationVector":"nqTghfnxu9haoHlZaOaTKX.3","action":"Commit.Sessions", "result":"Success", "context":{"id":"c1b844fe-34ab-498a-9e27-f74c8c3a4258", "isDeleted":"true", "size":"0", "version":"1762261175531"}}
{"logTime": "1106/020940", "correlationVector":"nqTghfnxu9haoHlZaOaTKX.2","action":"Commit Response", "result":"Success", "context":Result: Success. cV=nqTghfnxu9haoHlZaOaTKX.0;server=akswtt10600000k;cloudType=Consumer;environment=Prod_southeastasia_prod-s01-065-apac-southeastasia;migrationStage=NotStarted}
{"logTime": "1106/020940", "correlationVector":"cTf3dq6GXp/ZJ1nAcUkPjg","action":"Commit Request", "result":"", "context":Item count: 2
Contributing types: Sessions, History}
{"logTime": "1106/020941", "correlationVector":"cTf3dq6GXp/ZJ1nAcUkPjg.1","action":"SyncServerConnectionManagerRequest", "result":"SYNC_SERVER_OK", "context":{"environment":"Prod_southeastasia_prod-s01-065-apac-southeastasia", "migrationStage":"NotStarted", "server":"akswtt10600000j"}}
{"logTime": "1106/020941", "correlationVector":"cTf3dq6GXp/ZJ1nAcUkPjg.2","action":"Commit Response", "result":"Success", "context":Result: Success. cV=cTf3dq6GXp/ZJ1nAcUkPjg.0;server=akswtt10600000j;cloudType=Consumer;environment=Prod_southeastasia_prod-s01-065-apac-southeastasia;migrationStage=NotStarted}
{"logTime": "1106/020941", "correlationVector":"qxOB/l1pjDbEddpY8pP8yt","action":"Commit Request", "result":"", "context":Item count: 1
Contributing types: Sessions}
{"logTime": "1106/020942", "correlationVector":"qxOB/l1pjDbEddpY8pP8yt.1","action":"SyncServerConnectionManagerRequest", "result":"SYNC_SERVER_OK", "context":{"environment":"Prod_southeastasia_prod-s01-065-apac-southeastasia", "migrationStage":"NotStarted", "server":"akswtt10600000j"}}
{"logTime": "1106/020942", "correlationVector":"qxOB/l1pjDbEddpY8pP8yt.2","action":"Commit Response", "result":"Success", "context":Result: Success. cV=qxOB/l1pjDbEddpY8pP8yt.0;server=akswtt10600000j;cloudType=Consumer;environment=Prod_southeastasia_prod-s01-065-apac-southeastasia;migrationStage=NotStarted}
{"logTime": "1106/020942", "correlationVector":"a0kEabDo9cYcWyMpMIbOGz","action":"Poll GetUpdate request", "result":"", "context":cV=a0kEabDo9cYcWyMpMIbOGz}
{"logTime": "1106/020943", "correlationVector":"a0kEabDo9cYcWyMpMIbOGz.1","action":"SyncServerConnectionManagerRequest", "result":"SYNC_SERVER_OK", "context":{"environment":"Prod_southeastasia_prod-s01-065-apac-southeastasia", "migrationStage":"NotStarted", "server":"akswtt106000008"}}
{"logTime": "1106/020943", "correlationVector":"a0kEabDo9cYcWyMpMIbOGz.2","action":"ProcessGetUpdates", "result":"Done", "context":{"dataType":"Sessions", "deleted":"1", "process_failed_to_decrypt":"0", "process_pending_decryption":"0", "process_success":"3", "total":"3"}}
{"logTime": "1106/020943", "correlationVector":"a0kEabDo9cYcWyMpMIbOGz.3","action":"ProcessGetUpdates", "result":"Done", "context":{"dataType":"Device Info", "deleted":"0", "process_failed_to_decrypt":"0", "process_pending_decryption":"0", "process_success":"1", "total":"1"}}
{"logTime": "1106/020943", "correlationVector":"a0kEabDo9cYcWyMpMIbOGz.4","action":"ProcessGetUpdates", "result":"Done", "context":{"dataType":"History", "deleted":"0", "process_failed_to_decrypt":"0", "process_pending_decryption":"0", "process_success":"2", "total":"2"}}
{"logTime": "1106/020943", "correlationVector":"a0kEabDo9cYcWyMpMIbOGz.5","action":"GetUpdates Response", "result":"Success", "context":Received 6 update(s). cV=a0kEabDo9cYcWyMpMIbOGz.0;server=akswtt106000008;cloudType=Consumer;environment=Prod_southeastasia_prod-s01-065-apac-southeastasia;migrationStage=NotStarted}
{"logTime": "1106/020943", "correlationVector":"Lm46K9I+p6BhYnTt0SCueO","action":"DoCompareDataConsistency: ", "result":"has local changes and skip compare"}
{"logTime": "1106/020943", "correlationVector":"vDzzvRHlPrfbf4+F5NfUFt","action":"Commit Request", "result":"", "context":Item count: 40
Contributing types: Passwords}
{"logTime": "1106/020945", "correlationVector":"vDzzvRHlPrfbf4+F5NfUFt.1","action":"SyncServerConnectionManagerRequest", "result":"SYNC_SERVER_OK", "context":{"environment":"Prod_southeastasia_prod-s01-065-apac-southeastasia", "migrationStage":"NotStarted", "server":"akswtt10600000k"}}
{"logTime": "1106/020945", "correlationVector":"vDzzvRHlPrfbf4+F5NfUFt.2","action":"Commit Response", "result":"Success", "context":Result: Success. cV=vDzzvRHlPrfbf4+F5NfUFt.0;server=akswtt10600000k;cloudType=Consumer;environment=Prod_southeastasia_prod-s01-065-apac-southeastasia;migrationStage=NotStarted}
{"logTime": "1106/020946", "correlationVector":"+4BaiLXeMiGhsUnlQqA7kY","action":"Commit Request", "result":"", "context":Item count: 15
Contributing types: Preferences, Passwords}
{"logTime": "1106/020947", "correlationVector":"+4BaiLXeMiGhsUnlQqA7kY.1","action":"SyncServerConnectionManagerRequest", "result":"SYNC_SERVER_OK", "context":{"environment":"Prod_southeastasia_prod-s01-065-apac-southeastasia", "migrationStage":"NotStarted", "server":"akswtt106000024"}}
{"logTime": "1106/020947", "correlationVector":"+4BaiLXeMiGhsUnlQqA7kY.2","action":"Commit Response", "result":"Success", "context":Result: Success. cV=+4BaiLXeMiGhsUnlQqA7kY.0;server=akswtt106000024;cloudType=Consumer;environment=Prod_southeastasia_prod-s01-065-apac-southeastasia;migrationStage=NotStarted}
